===== Phase 9E native functional test =====

===== Reset =====

===== Loading test data =====
[TB] Loading IFMAP...
[TB] fn=0 data0=00000000 data1=00000001 -> 00000000 (1 cycles)
[TB] fn=0 data0=00000001 data1=00000001 -> 00000000 (1 cycles)
[TB] fn=0 data0=00000002 data1=00000001 -> 00000000 (1 cycles)
[TB] fn=0 data0=00000003 data1=00000001 -> 00000000 (1 cycles)
[TB] fn=0 data0=00000004 data1=00000001 -> 00000000 (1 cycles)
[TB] fn=0 data0=00000005 data1=00000001 -> 00000000 (1 cycles)
[TB] fn=0 data0=00000006 data1=00000001 -> 00000000 (1 cycles)
[TB] fn=0 data0=00000007 data1=00000001 -> 00000000 (1 cycles)
[TB] fn=0 data0=00000008 data1=00000001 -> 00000000 (1 cycles)
[TB] fn=0 data0=00000009 data1=00000001 -> 00000000 (1 cycles)
[TB] fn=0 data0=0000000a data1=00000001 -> 00000000 (1 cycles)
[TB] fn=0 data0=0000000b data1=00000001 -> 00000000 (1 cycles)
[TB] fn=0 data0=0000000c data1=00000001 -> 00000000 (1 cycles)
[TB] fn=0 data0=0000000d data1=00000001 -> 00000000 (1 cycles)
[TB] fn=0 data0=0000000e data1=00000001 -> 00000000 (1 cycles)
[TB] fn=0 data0=0000000f data1=00000001 -> 00000000 (1 cycles)
[TB] fn=0 data0=00000010 data1=00000001 -> 00000000 (1 cycles)
[TB] fn=0 data0=00000011 data1=00000001 -> 00000000 (1 cycles)
[TB] fn=0 data0=00000012 data1=00000001 -> 00000000 (1 cycles)
[TB] fn=0 data0=00000013 data1=00000001 -> 00000000 (1 cycles)
[TB] fn=0 data0=00000014 data1=00000001 -> 00000000 (1 cycles)
[TB] fn=0 data0=00000015 data1=00000001 -> 00000000 (1 cycles)
[TB] fn=0 data0=00000016 data1=00000001 -> 00000000 (1 cycles)
[TB] fn=0 data0=00000017 data1=00000001 -> 00000000 (1 cycles)
[TB] fn=0 data0=00000018 data1=00000001 -> 00000000 (1 cycles)
[TB] fn=0 data0=00000019 data1=00000001 -> 00000000 (1 cycles)
[TB] fn=0 data0=0000001a data1=00000001 -> 00000000 (1 cycles)
[TB] fn=0 data0=0000001b data1=00000001 -> 00000000 (1 cycles)
[TB] fn=0 data0=0000001c data1=00000001 -> 00000000 (1 cycles)
[TB] fn=0 data0=0000001d data1=00000001 -> 00000000 (1 cycles)
[TB] fn=0 data0=0000001e data1=00000001 -> 00000000 (1 cycles)
[TB] fn=0 data0=0000001f data1=00000001 -> 00000000 (1 cycles)
[TB] fn=0 data0=00000020 data1=00000001 -> 00000000 (1 cycles)
[TB] fn=0 data0=00000021 data1=00000001 -> 00000000 (1 cycles)
[TB] fn=0 data0=00000022 data1=00000001 -> 00000000 (1 cycles)
[TB] fn=0 data0=00000023 data1=00000001 -> 00000000 (1 cycles)
[TB] fn=0 data0=00000024 data1=00000001 -> 00000000 (1 cycles)
[TB] fn=0 data0=00000025 data1=00000001 -> 00000000 (1 cycles)
[TB] fn=0 data0=00000026 data1=00000001 -> 00000000 (1 cycles)
[TB] fn=0 data0=00000027 data1=00000001 -> 00000000 (1 cycles)
[TB] fn=0 data0=00000028 data1=00000001 -> 00000000 (1 cycles)
[TB] fn=0 data0=00000029 data1=00000001 -> 00000000 (1 cycles)
[TB] fn=0 data0=0000002a data1=00000001 -> 00000000 (1 cycles)
[TB] fn=0 data0=0000002b data1=00000001 -> 00000000 (1 cycles)
[TB] fn=0 data0=0000002c data1=00000001 -> 00000000 (1 cycles)
[TB] fn=0 data0=0000002d data1=00000001 -> 00000000 (1 cycles)
[TB] fn=0 data0=0000002e data1=00000001 -> 00000000 (1 cycles)
[TB] fn=0 data0=0000002f data1=00000001 -> 00000000 (1 cycles)
[TB] fn=0 data0=00000030 data1=00000001 -> 00000000 (1 cycles)
[TB] fn=0 data0=00000031 data1=00000001 -> 00000000 (1 cycles)
[TB] fn=0 data0=00000032 data1=00000001 -> 00000000 (1 cycles)
[TB] fn=0 data0=00000033 data1=00000001 -> 00000000 (1 cycles)
[TB] fn=0 data0=00000034 data1=00000001 -> 00000000 (1 cycles)
[TB] fn=0 data0=00000035 data1=00000001 -> 00000000 (1 cycles)
[TB] fn=0 data0=00000036 data1=00000001 -> 00000000 (1 cycles)
[TB] fn=0 data0=00000037 data1=00000001 -> 00000000 (1 cycles)
[TB] fn=0 data0=00000038 data1=00000001 -> 00000000 (1 cycles)
[TB] fn=0 data0=00000039 data1=00000001 -> 00000000 (1 cycles)
[TB] fn=0 data0=0000003a data1=00000001 -> 00000000 (1 cycles)
[TB] fn=0 data0=0000003b data1=00000001 -> 00000000 (1 cycles)
[TB] fn=0 data0=0000003c data1=00000001 -> 00000000 (1 cycles)
[TB] fn=0 data0=0000003d data1=00000001 -> 00000000 (1 cycles)
[TB] fn=0 data0=0000003e data1=00000001 -> 00000000 (1 cycles)
[TB] fn=0 data0=0000003f data1=00000001 -> 00000000 (1 cycles)
[TB] fn=0 data0=00000040 data1=00000001 -> 00000000 (1 cycles)
[TB] fn=0 data0=00000041 data1=00000001 -> 00000000 (1 cycles)
[TB] fn=0 data0=00000042 data1=00000001 -> 00000000 (1 cycles)
[TB] fn=0 data0=00000043 data1=00000001 -> 00000000 (1 cycles)
[TB] fn=0 data0=00000044 data1=00000001 -> 00000000 (1 cycles)
[TB] fn=0 data0=00000045 data1=00000001 -> 00000000 (1 cycles)
[TB] fn=0 data0=00000046 data1=00000001 -> 00000000 (1 cycles)
[TB] fn=0 data0=00000047 data1=00000001 -> 00000000 (1 cycles)
[TB] fn=0 data0=00000048 data1=00000001 -> 00000000 (1 cycles)
[TB] fn=0 data0=00000049 data1=00000001 -> 00000000 (1 cycles)
[TB] fn=0 data0=0000004a data1=00000001 -> 00000000 (1 cycles)
[TB] fn=0 data0=0000004b data1=00000001 -> 00000000 (1 cycles)
[TB] fn=0 data0=0000004c data1=00000001 -> 00000000 (1 cycles)
[TB] fn=0 data0=0000004d data1=00000001 -> 00000000 (1 cycles)
[TB] fn=0 data0=0000004e data1=00000001 -> 00000000 (1 cycles)
[TB] fn=0 data0=0000004f data1=00000001 -> 00000000 (1 cycles)
[TB] fn=0 data0=00000050 data1=00000001 -> 00000000 (1 cycles)
[TB] fn=0 data0=00000051 data1=00000001 -> 00000000 (1 cycles)
[TB] fn=0 data0=00000052 data1=00000001 -> 00000000 (1 cycles)
[TB] fn=0 data0=00000053 data1=00000001 -> 00000000 (1 cycles)
[TB] fn=0 data0=00000054 data1=00000001 -> 00000000 (1 cycles)
[TB] fn=0 data0=00000055 data1=00000001 -> 00000000 (1 cycles)
[TB] fn=0 data0=00000056 data1=00000001 -> 00000000 (1 cycles)
[TB] fn=0 data0=00000057 data1=00000001 -> 00000000 (1 cycles)
[TB] fn=0 data0=00000058 data1=00000001 -> 00000000 (1 cycles)
[TB] fn=0 data0=00000059 data1=00000001 -> 00000000 (1 cycles)
[TB] fn=0 data0=0000005a data1=00000001 -> 00000000 (1 cycles)
[TB] fn=0 data0=0000005b data1=00000001 -> 00000000 (1 cycles)
[TB] fn=0 data0=0000005c data1=00000001 -> 00000000 (1 cycles)
[TB] fn=0 data0=0000005d data1=00000001 -> 00000000 (1 cycles)
[TB] fn=0 data0=0000005e data1=00000001 -> 00000000 (1 cycles)
[TB] fn=0 data0=0000005f data1=00000001 -> 00000000 (1 cycles)
[TB] fn=0 data0=00000060 data1=00000001 -> 00000000 (1 cycles)
[TB] fn=0 data0=00000061 data1=00000001 -> 00000000 (1 cycles)
[TB] fn=0 data0=00000062 data1=00000001 -> 00000000 (1 cycles)
[TB] fn=0 data0=00000063 data1=00000001 -> 00000000 (1 cycles)
[TB] fn=0 data0=00000064 data1=00000001 -> 00000000 (1 cycles)
[TB] fn=0 data0=00000065 data1=00000001 -> 00000000 (1 cycles)
[TB] fn=0 data0=00000066 data1=00000001 -> 00000000 (1 cycles)
[TB] fn=0 data0=00000067 data1=00000001 -> 00000000 (1 cycles)
[TB] fn=0 data0=00000068 data1=00000001 -> 00000000 (1 cycles)
[TB] fn=0 data0=00000069 data1=00000001 -> 00000000 (1 cycles)
[TB] fn=0 data0=0000006a data1=00000001 -> 00000000 (1 cycles)
[TB] fn=0 data0=0000006b data1=00000001 -> 00000000 (1 cycles)
[TB] fn=0 data0=0000006c data1=00000001 -> 00000000 (1 cycles)
[TB] fn=0 data0=0000006d data1=00000001 -> 00000000 (1 cycles)
[TB] fn=0 data0=0000006e data1=00000001 -> 00000000 (1 cycles)
[TB] fn=0 data0=0000006f data1=00000001 -> 00000000 (1 cycles)
[TB] fn=0 data0=00000070 data1=00000001 -> 00000000 (1 cycles)
[TB] fn=0 data0=00000071 data1=00000001 -> 00000000 (1 cycles)
[TB] fn=0 data0=00000072 data1=00000001 -> 00000000 (1 cycles)
[TB] fn=0 data0=00000073 data1=00000001 -> 00000000 (1 cycles)
[TB] fn=0 data0=00000074 data1=00000001 -> 00000000 (1 cycles)
[TB] fn=0 data0=00000075 data1=00000001 -> 00000000 (1 cycles)
[TB] fn=0 data0=00000076 data1=00000001 -> 00000000 (1 cycles)
[TB] fn=0 data0=00000077 data1=00000001 -> 00000000 (1 cycles)
[TB] fn=0 data0=00000078 data1=00000001 -> 00000000 (1 cycles)
[TB] fn=0 data0=00000079 data1=00000001 -> 00000000 (1 cycles)
[TB] fn=0 data0=0000007a data1=00000001 -> 00000000 (1 cycles)
[TB] fn=0 data0=0000007b data1=00000001 -> 00000000 (1 cycles)
[TB] fn=0 data0=0000007c data1=00000001 -> 00000000 (1 cycles)
[TB] fn=0 data0=0000007d data1=00000001 -> 00000000 (1 cycles)
[TB] fn=0 data0=0000007e data1=00000001 -> 00000000 (1 cycles)
[TB] fn=0 data0=0000007f data1=00000001 -> 00000000 (1 cycles)
[TB] Loading expansion weights...
[TB] fn=1 data0=00000000 data1=00000001 -> 00000000 (1 cycles)
[TB] fn=1 data0=00000001 data1=00000001 -> 00000000 (1 cycles)
[TB] fn=1 data0=00000002 data1=00000001 -> 00000000 (1 cycles)
[TB] fn=1 data0=00000003 data1=00000001 -> 00000000 (1 cycles)
[TB] fn=1 data0=00000004 data1=00000001 -> 00000000 (1 cycles)
[TB] fn=1 data0=00000005 data1=00000001 -> 00000000 (1 cycles)
[TB] fn=1 data0=00000006 data1=00000001 -> 00000000 (1 cycles)
[TB] fn=1 data0=00000007 data1=00000001 -> 00000000 (1 cycles)
[TB] fn=1 data0=00000008 data1=00000001 -> 00000000 (1 cycles)
[TB] fn=1 data0=00000009 data1=00000001 -> 00000000 (1 cycles)
[TB] fn=1 data0=0000000a data1=00000001 -> 00000000 (1 cycles)
[TB] fn=1 data0=0000000b data1=00000001 -> 00000000 (1 cycles)
[TB] fn=1 data0=0000000c data1=00000001 -> 00000000 (1 cycles)
[TB] fn=1 data0=0000000d data1=00000001 -> 00000000 (1 cycles)
[TB] fn=1 data0=0000000e data1=00000001 -> 00000000 (1 cycles)
[TB] fn=1 data0=0000000f data1=00000001 -> 00000000 (1 cycles)
[TB] fn=1 data0=00000010 data1=00000001 -> 00000000 (1 cycles)
[TB] fn=1 data0=00000011 data1=00000001 -> 00000000 (1 cycles)
[TB] fn=1 data0=00000012 data1=00000001 -> 00000000 (1 cycles)
[TB] fn=1 data0=00000013 data1=00000001 -> 00000000 (1 cycles)
[TB] fn=1 data0=00000014 data1=00000001 -> 00000000 (1 cycles)
[TB] fn=1 data0=00000015 data1=00000001 -> 00000000 (1 cycles)
[TB] fn=1 data0=00000016 data1=00000001 -> 00000000 (1 cycles)
[TB] fn=1 data0=00000017 data1=00000001 -> 00000000 (1 cycles)
[TB] fn=1 data0=00000018 data1=00000001 -> 00000000 (1 cycles)
[TB] fn=1 data0=00000019 data1=00000001 -> 00000000 (1 cycles)
[TB] fn=1 data0=0000001a data1=00000001 -> 00000000 (1 cycles)
[TB] fn=1 data0=0000001b data1=00000001 -> 00000000 (1 cycles)
[TB] fn=1 data0=0000001c data1=00000001 -> 00000000 (1 cycles)
[TB] fn=1 data0=0000001d data1=00000001 -> 00000000 (1 cycles)
[TB] fn=1 data0=0000001e data1=00000001 -> 00000000 (1 cycles)
[TB] fn=1 data0=0000001f data1=00000001 -> 00000000 (1 cycles)
[TB] fn=1 data0=00000020 data1=00000001 -> 00000000 (1 cycles)
[TB] fn=1 data0=00000021 data1=00000001 -> 00000000 (1 cycles)
[TB] fn=1 data0=00000022 data1=00000001 -> 00000000 (1 cycles)
[TB] fn=1 data0=00000023 data1=00000001 -> 00000000 (1 cycles)
[TB] fn=1 data0=00000024 data1=00000001 -> 00000000 (1 cycles)
[TB] fn=1 data0=00000025 data1=00000001 -> 00000000 (1 cycles)
[TB] fn=1 data0=00000026 data1=00000001 -> 00000000 (1 cycles)
[TB] fn=1 data0=00000027 data1=00000001 -> 00000000 (1 cycles)
[TB] fn=1 data0=00000028 data1=00000001 -> 00000000 (1 cycles)
[TB] fn=1 data0=00000029 data1=00000001 -> 00000000 (1 cycles)
[TB] fn=1 data0=0000002a data1=00000001 -> 00000000 (1 cycles)
[TB] fn=1 data0=0000002b data1=00000001 -> 00000000 (1 cycles)
[TB] fn=1 data0=0000002c data1=00000001 -> 00000000 (1 cycles)
[TB] fn=1 data0=0000002d data1=00000001 -> 00000000 (1 cycles)
[TB] fn=1 data0=0000002e data1=00000001 -> 00000000 (1 cycles)
[TB] fn=1 data0=0000002f data1=00000001 -> 00000000 (1 cycles)
[TB] fn=1 data0=00000030 data1=00000001 -> 00000000 (1 cycles)
[TB] fn=1 data0=00000031 data1=00000001 -> 00000000 (1 cycles)
[TB] fn=1 data0=00000032 data1=00000001 -> 00000000 (1 cycles)
[TB] fn=1 data0=00000033 data1=00000001 -> 00000000 (1 cycles)
[TB] fn=1 data0=00000034 data1=00000001 -> 00000000 (1 cycles)
[TB] fn=1 data0=00000035 data1=00000001 -> 00000000 (1 cycles)
[TB] fn=1 data0=00000036 data1=00000001 -> 00000000 (1 cycles)
[TB] fn=1 data0=00000037 data1=00000001 -> 00000000 (1 cycles)
[TB] fn=1 data0=00000038 data1=00000001 -> 00000000 (1 cycles)
[TB] fn=1 data0=00000039 data1=00000001 -> 00000000 (1 cycles)
[TB] fn=1 data0=0000003a data1=00000001 -> 00000000 (1 cycles)
[TB] fn=1 data0=0000003b data1=00000001 -> 00000000 (1 cycles)
[TB] fn=1 data0=0000003c data1=00000001 -> 00000000 (1 cycles)
[TB] fn=1 data0=0000003d data1=00000001 -> 00000000 (1 cycles)
[TB] fn=1 data0=0000003e data1=00000001 -> 00000000 (1 cycles)
[TB] fn=1 data0=0000003f data1=00000001 -> 00000000 (1 cycles)
[TB] fn=1 data0=00000040 data1=00000001 -> 00000000 (1 cycles)
[TB] fn=1 data0=00000041 data1=00000001 -> 00000000 (1 cycles)
[TB] fn=1 data0=00000042 data1=00000001 -> 00000000 (1 cycles)
[TB] fn=1 data0=00000043 data1=00000001 -> 00000000 (1 cycles)
[TB] fn=1 data0=00000044 data1=00000001 -> 00000000 (1 cycles)
[TB] fn=1 data0=00000045 data1=00000001 -> 00000000 (1 cycles)
[TB] fn=1 data0=00000046 data1=00000001 -> 00000000 (1 cycles)
[TB] fn=1 data0=00000047 data1=00000001 -> 00000000 (1 cycles)
[TB] fn=1 data0=00000048 data1=00000001 -> 00000000 (1 cycles)
[TB] fn=1 data0=00000049 data1=00000001 -> 00000000 (1 cycles)
[TB] fn=1 data0=0000004a data1=00000001 -> 00000000 (1 cycles)
[TB] fn=1 data0=0000004b data1=00000001 -> 00000000 (1 cycles)
[TB] fn=1 data0=0000004c data1=00000001 -> 00000000 (1 cycles)
[TB] fn=1 data0=0000004d data1=00000001 -> 00000000 (1 cycles)
[TB] fn=1 data0=0000004e data1=00000001 -> 00000000 (1 cycles)
[TB] fn=1 data0=0000004f data1=00000001 -> 00000000 (1 cycles)
[TB] fn=1 data0=00000050 data1=00000001 -> 00000000 (1 cycles)
[TB] fn=1 data0=00000051 data1=00000001 -> 00000000 (1 cycles)
[TB] fn=1 data0=00000052 data1=00000001 -> 00000000 (1 cycles)
[TB] fn=1 data0=00000053 data1=00000001 -> 00000000 (1 cycles)
[TB] fn=1 data0=00000054 data1=00000001 -> 00000000 (1 cycles)
[TB] fn=1 data0=00000055 data1=00000001 -> 00000000 (1 cycles)
[TB] fn=1 data0=00000056 data1=00000001 -> 00000000 (1 cycles)
[TB] fn=1 data0=00000057 data1=00000001 -> 00000000 (1 cycles)
[TB] fn=1 data0=00000058 data1=00000001 -> 00000000 (1 cycles)
[TB] fn=1 data0=00000059 data1=00000001 -> 00000000 (1 cycles)
[TB] fn=1 data0=0000005a data1=00000001 -> 00000000 (1 cycles)
[TB] fn=1 data0=0000005b data1=00000001 -> 00000000 (1 cycles)
[TB] fn=1 data0=0000005c data1=00000001 -> 00000000 (1 cycles)
[TB] fn=1 data0=0000005d data1=00000001 -> 00000000 (1 cycles)
[TB] fn=1 data0=0000005e data1=00000001 -> 00000000 (1 cycles)
[TB] fn=1 data0=0000005f data1=00000001 -> 00000000 (1 cycles)
[TB] fn=1 data0=00000060 data1=00000001 -> 00000000 (1 cycles)
[TB] fn=1 data0=00000061 data1=00000001 -> 00000000 (1 cycles)
[TB] fn=1 data0=00000062 data1=00000001 -> 00000000 (1 cycles)
[TB] fn=1 data0=00000063 data1=00000001 -> 00000000 (1 cycles)
[TB] fn=1 data0=00000064 data1=00000001 -> 00000000 (1 cycles)
[TB] fn=1 data0=00000065 data1=00000001 -> 00000000 (1 cycles)
[TB] fn=1 data0=00000066 data1=00000001 -> 00000000 (1 cycles)
[TB] fn=1 data0=00000067 data1=00000001 -> 00000000 (1 cycles)
[TB] fn=1 data0=00000068 data1=00000001 -> 00000000 (1 cycles)
[TB] fn=1 data0=00000069 data1=00000001 -> 00000000 (1 cycles)
[TB] fn=1 data0=0000006a data1=00000001 -> 00000000 (1 cycles)
[TB] fn=1 data0=0000006b data1=00000001 -> 00000000 (1 cycles)
[TB] fn=1 data0=0000006c data1=00000001 -> 00000000 (1 cycles)
[TB] fn=1 data0=0000006d data1=00000001 -> 00000000 (1 cycles)
[TB] fn=1 data0=0000006e data1=00000001 -> 00000000 (1 cycles)
[TB] fn=1 data0=0000006f data1=00000001 -> 00000000 (1 cycles)
[TB] fn=1 data0=00000070 data1=00000001 -> 00000000 (1 cycles)
[TB] fn=1 data0=00000071 data1=00000001 -> 00000000 (1 cycles)
[TB] fn=1 data0=00000072 data1=00000001 -> 00000000 (1 cycles)
[TB] fn=1 data0=00000073 data1=00000001 -> 00000000 (1 cycles)
[TB] fn=1 data0=00000074 data1=00000001 -> 00000000 (1 cycles)
[TB] fn=1 data0=00000075 data1=00000001 -> 00000000 (1 cycles)
[TB] fn=1 data0=00000076 data1=00000001 -> 00000000 (1 cycles)
[TB] fn=1 data0=00000077 data1=00000001 -> 00000000 (1 cycles)
[TB] fn=1 data0=00000078 data1=00000001 -> 00000000 (1 cycles)
[TB] fn=1 data0=00000079 data1=00000001 -> 00000000 (1 cycles)
[TB] fn=1 data0=0000007a data1=00000001 -> 00000000 (1 cycles)
[TB] fn=1 data0=0000007b data1=00000001 -> 00000000 (1 cycles)
[TB] fn=1 data0=0000007c data1=00000001 -> 00000000 (1 cycles)
[TB] fn=1 data0=0000007d data1=00000001 -> 00000000 (1 cycles)
[TB] fn=1 data0=0000007e data1=00000001 -> 00000000 (1 cycles)
[TB] fn=1 data0=0000007f data1=00000001 -> 00000000 (1 cycles)
[TB] fn=1 data0=00000080 data1=00000001 -> 00000000 (1 cycles)
[TB] fn=1 data0=00000081 data1=00000001 -> 00000000 (1 cycles)
[TB] fn=1 data0=00000082 data1=00000001 -> 00000000 (1 cycles)
[TB] fn=1 data0=00000083 data1=00000001 -> 00000000 (1 cycles)
[TB] fn=1 data0=00000084 data1=00000001 -> 00000000 (1 cycles)
[TB] fn=1 data0=00000085 data1=00000001 -> 00000000 (1 cycles)
[TB] fn=1 data0=00000086 data1=00000001 -> 00000000 (1 cycles)
[TB] fn=1 data0=00000087 data1=00000001 -> 00000000 (1 cycles)
[TB] fn=1 data0=00000088 data1=00000001 -> 00000000 (1 cycles)
[TB] fn=1 data0=00000089 data1=00000001 -> 00000000 (1 cycles)
[TB] fn=1 data0=0000008a data1=00000001 -> 00000000 (1 cycles)
[TB] fn=1 data0=0000008b data1=00000001 -> 00000000 (1 cycles)
[TB] fn=1 data0=0000008c data1=00000001 -> 00000000 (1 cycles)
[TB] fn=1 data0=0000008d data1=00000001 -> 00000000 (1 cycles)
[TB] fn=1 data0=0000008e data1=00000001 -> 00000000 (1 cycles)
[TB] fn=1 data0=0000008f data1=00000001 -> 00000000 (1 cycles)
[TB] fn=1 data0=00000090 data1=00000001 -> 00000000 (1 cycles)
[TB] fn=1 data0=00000091 data1=00000001 -> 00000000 (1 cycles)
[TB] fn=1 data0=00000092 data1=00000001 -> 00000000 (1 cycles)
[TB] fn=1 data0=00000093 data1=00000001 -> 00000000 (1 cycles)
[TB] fn=1 data0=00000094 data1=00000001 -> 00000000 (1 cycles)
[TB] fn=1 data0=00000095 data1=00000001 -> 00000000 (1 cycles)
[TB] fn=1 data0=00000096 data1=00000001 -> 00000000 (1 cycles)
[TB] fn=1 data0=00000097 data1=00000001 -> 00000000 (1 cycles)
[TB] fn=1 data0=00000098 data1=00000001 -> 00000000 (1 cycles)
[TB] fn=1 data0=00000099 data1=00000001 -> 00000000 (1 cycles)
[TB] fn=1 data0=0000009a data1=00000001 -> 00000000 (1 cycles)
[TB] fn=1 data0=0000009b data1=00000001 -> 00000000 (1 cycles)
[TB] fn=1 data0=0000009c data1=00000001 -> 00000000 (1 cycles)
[TB] fn=1 data0=0000009d data1=00000001 -> 00000000 (1 cycles)
[TB] fn=1 data0=0000009e data1=00000001 -> 00000000 (1 cycles)
[TB] fn=1 data0=0000009f data1=00000001 -> 00000000 (1 cycles)
[TB] fn=1 data0=000000a0 data1=00000001 -> 00000000 (1 cycles)
[TB] fn=1 data0=000000a1 data1=00000001 -> 00000000 (1 cycles)
[TB] fn=1 data0=000000a2 data1=00000001 -> 00000000 (1 cycles)
[TB] fn=1 data0=000000a3 data1=00000001 -> 00000000 (1 cycles)
[TB] fn=1 data0=000000a4 data1=00000001 -> 00000000 (1 cycles)
[TB] fn=1 data0=000000a5 data1=00000001 -> 00000000 (1 cycles)
[TB] fn=1 data0=000000a6 data1=00000001 -> 00000000 (1 cycles)
[TB] fn=1 data0=000000a7 data1=00000001 -> 00000000 (1 cycles)
[TB] fn=1 data0=000000a8 data1=00000001 -> 00000000 (1 cycles)
[TB] fn=1 data0=000000a9 data1=00000001 -> 00000000 (1 cycles)
[TB] fn=1 data0=000000aa data1=00000001 -> 00000000 (1 cycles)
[TB] fn=1 data0=000000ab data1=00000001 -> 00000000 (1 cycles)
[TB] fn=1 data0=000000ac data1=00000001 -> 00000000 (1 cycles)
[TB] fn=1 data0=000000ad data1=00000001 -> 00000000 (1 cycles)
[TB] fn=1 data0=000000ae data1=00000001 -> 00000000 (1 cycles)
[TB] fn=1 data0=000000af data1=00000001 -> 00000000 (1 cycles)
[TB] fn=1 data0=000000b0 data1=00000001 -> 00000000 (1 cycles)
[TB] fn=1 data0=000000b1 data1=00000001 -> 00000000 (1 cycles)
[TB] fn=1 data0=000000b2 data1=00000001 -> 00000000 (1 cycles)
[TB] fn=1 data0=000000b3 data1=00000001 -> 00000000 (1 cycles)
[TB] fn=1 data0=000000b4 data1=00000001 -> 00000000 (1 cycles)
[TB] fn=1 data0=000000b5 data1=00000001 -> 00000000 (1 cycles)
[TB] fn=1 data0=000000b6 data1=00000001 -> 00000000 (1 cycles)
[TB] fn=1 data0=000000b7 data1=00000001 -> 00000000 (1 cycles)
[TB] fn=1 data0=000000b8 data1=00000001 -> 00000000 (1 cycles)
[TB] fn=1 data0=000000b9 data1=00000001 -> 00000000 (1 cycles)
[TB] fn=1 data0=000000ba data1=00000001 -> 00000000 (1 cycles)
[TB] fn=1 data0=000000bb data1=00000001 -> 00000000 (1 cycles)
[TB] fn=1 data0=000000bc data1=00000001 -> 00000000 (1 cycles)
[TB] fn=1 data0=000000bd data1=00000001 -> 00000000 (1 cycles)
[TB] fn=1 data0=000000be data1=00000001 -> 00000000 (1 cycles)
[TB] fn=1 data0=000000bf data1=00000001 -> 00000000 (1 cycles)
[TB] Loading depthwise weights...
[TB] fn=2 data0=00000000 data1=00000001 -> 00000000 (1 cycles)
[TB] fn=2 data0=00000001 data1=00000001 -> 00000000 (1 cycles)
[TB] fn=2 data0=00000002 data1=00000001 -> 00000000 (1 cycles)
[TB] fn=2 data0=00000003 data1=00000001 -> 00000000 (1 cycles)
[TB] fn=2 data0=00000004 data1=00000001 -> 00000000 (1 cycles)
[TB] fn=2 data0=00000005 data1=00000001 -> 00000000 (1 cycles)
[TB] fn=2 data0=00000006 data1=00000001 -> 00000000 (1 cycles)
[TB] fn=2 data0=00000007 data1=00000001 -> 00000000 (1 cycles)
[TB] fn=2 data0=00000008 data1=00000001 -> 00000000 (1 cycles)
[TB] fn=2 data0=00000009 data1=00000001 -> 00000000 (1 cycles)
[TB] fn=2 data0=0000000a data1=00000001 -> 00000000 (1 cycles)
[TB] fn=2 data0=0000000b data1=00000001 -> 00000000 (1 cycles)
[TB] fn=2 data0=0000000c data1=00000001 -> 00000000 (1 cycles)
[TB] fn=2 data0=0000000d data1=00000001 -> 00000000 (1 cycles)
[TB] fn=2 data0=0000000e data1=00000001 -> 00000000 (1 cycles)
[TB] fn=2 data0=0000000f data1=00000001 -> 00000000 (1 cycles)
[TB] fn=2 data0=00000010 data1=00000001 -> 00000000 (1 cycles)
[TB] fn=2 data0=00000011 data1=00000001 -> 00000000 (1 cycles)
[TB] fn=2 data0=00000012 data1=00000001 -> 00000000 (1 cycles)
[TB] fn=2 data0=00000013 data1=00000001 -> 00000000 (1 cycles)
[TB] fn=2 data0=00000014 data1=00000001 -> 00000000 (1 cycles)
[TB] fn=2 data0=00000015 data1=00000001 -> 00000000 (1 cycles)
[TB] fn=2 data0=00000016 data1=00000001 -> 00000000 (1 cycles)
[TB] fn=2 data0=00000017 data1=00000001 -> 00000000 (1 cycles)
[TB] fn=2 data0=00000018 data1=00000001 -> 00000000 (1 cycles)
[TB] fn=2 data0=00000019 data1=00000001 -> 00000000 (1 cycles)
[TB] fn=2 data0=0000001a data1=00000001 -> 00000000 (1 cycles)
[TB] fn=2 data0=0000001b data1=00000001 -> 00000000 (1 cycles)
[TB] fn=2 data0=0000001c data1=00000001 -> 00000000 (1 cycles)
[TB] fn=2 data0=0000001d data1=00000001 -> 00000000 (1 cycles)
[TB] fn=2 data0=0000001e data1=00000001 -> 00000000 (1 cycles)
[TB] fn=2 data0=0000001f data1=00000001 -> 00000000 (1 cycles)
[TB] fn=2 data0=00000020 data1=00000001 -> 00000000 (1 cycles)
[TB] fn=2 data0=00000021 data1=00000001 -> 00000000 (1 cycles)
[TB] fn=2 data0=00000022 data1=00000001 -> 00000000 (1 cycles)
[TB] fn=2 data0=00000023 data1=00000001 -> 00000000 (1 cycles)
[TB] fn=2 data0=00000024 data1=00000001 -> 00000000 (1 cycles)
[TB] fn=2 data0=00000025 data1=00000001 -> 00000000 (1 cycles)
[TB] fn=2 data0=00000026 data1=00000001 -> 00000000 (1 cycles)
[TB] fn=2 data0=00000027 data1=00000001 -> 00000000 (1 cycles)
[TB] fn=2 data0=00000028 data1=00000001 -> 00000000 (1 cycles)
[TB] fn=2 data0=00000029 data1=00000001 -> 00000000 (1 cycles)
[TB] fn=2 data0=0000002a data1=00000001 -> 00000000 (1 cycles)
[TB] fn=2 data0=0000002b data1=00000001 -> 00000000 (1 cycles)
[TB] fn=2 data0=0000002c data1=00000001 -> 00000000 (1 cycles)
[TB] fn=2 data0=0000002d data1=00000001 -> 00000000 (1 cycles)
[TB] fn=2 data0=0000002e data1=00000001 -> 00000000 (1 cycles)
[TB] fn=2 data0=0000002f data1=00000001 -> 00000000 (1 cycles)
[TB] fn=2 data0=00000030 data1=00000001 -> 00000000 (1 cycles)
[TB] fn=2 data0=00000031 data1=00000001 -> 00000000 (1 cycles)
[TB] fn=2 data0=00000032 data1=00000001 -> 00000000 (1 cycles)
[TB] fn=2 data0=00000033 data1=00000001 -> 00000000 (1 cycles)
[TB] fn=2 data0=00000034 data1=00000001 -> 00000000 (1 cycles)
[TB] fn=2 data0=00000035 data1=00000001 -> 00000000 (1 cycles)
[TB] fn=2 data0=00000036 data1=00000001 -> 00000000 (1 cycles)
[TB] fn=2 data0=00000037 data1=00000001 -> 00000000 (1 cycles)
[TB] fn=2 data0=00000038 data1=00000001 -> 00000000 (1 cycles)
[TB] fn=2 data0=00000039 data1=00000001 -> 00000000 (1 cycles)
[TB] fn=2 data0=0000003a data1=00000001 -> 00000000 (1 cycles)
[TB] fn=2 data0=0000003b data1=00000001 -> 00000000 (1 cycles)
[TB] fn=2 data0=0000003c data1=00000001 -> 00000000 (1 cycles)
[TB] fn=2 data0=0000003d data1=00000001 -> 00000000 (1 cycles)
[TB] fn=2 data0=0000003e data1=00000001 -> 00000000 (1 cycles)
[TB] fn=2 data0=0000003f data1=00000001 -> 00000000 (1 cycles)
[TB] fn=2 data0=00000040 data1=00000001 -> 00000000 (1 cycles)
[TB] fn=2 data0=00000041 data1=00000001 -> 00000000 (1 cycles)
[TB] fn=2 data0=00000042 data1=00000001 -> 00000000 (1 cycles)
[TB] fn=2 data0=00000043 data1=00000001 -> 00000000 (1 cycles)
[TB] fn=2 data0=00000044 data1=00000001 -> 00000000 (1 cycles)
[TB] fn=2 data0=00000045 data1=00000001 -> 00000000 (1 cycles)
[TB] fn=2 data0=00000046 data1=00000001 -> 00000000 (1 cycles)
[TB] fn=2 data0=00000047 data1=00000001 -> 00000000 (1 cycles)
[TB] fn=2 data0=00000048 data1=00000001 -> 00000000 (1 cycles)
[TB] fn=2 data0=00000049 data1=00000001 -> 00000000 (1 cycles)
[TB] fn=2 data0=0000004a data1=00000001 -> 00000000 (1 cycles)
[TB] fn=2 data0=0000004b data1=00000001 -> 00000000 (1 cycles)
[TB] fn=2 data0=0000004c data1=00000001 -> 00000000 (1 cycles)
[TB] fn=2 data0=0000004d data1=00000001 -> 00000000 (1 cycles)
[TB] fn=2 data0=0000004e data1=00000001 -> 00000000 (1 cycles)
[TB] fn=2 data0=0000004f data1=00000001 -> 00000000 (1 cycles)
[TB] fn=2 data0=00000050 data1=00000001 -> 00000000 (1 cycles)
[TB] fn=2 data0=00000051 data1=00000001 -> 00000000 (1 cycles)
[TB] fn=2 data0=00000052 data1=00000001 -> 00000000 (1 cycles)
[TB] fn=2 data0=00000053 data1=00000001 -> 00000000 (1 cycles)
[TB] fn=2 data0=00000054 data1=00000001 -> 00000000 (1 cycles)
[TB] fn=2 data0=00000055 data1=00000001 -> 00000000 (1 cycles)
[TB] fn=2 data0=00000056 data1=00000001 -> 00000000 (1 cycles)
[TB] fn=2 data0=00000057 data1=00000001 -> 00000000 (1 cycles)
[TB] fn=2 data0=00000058 data1=00000001 -> 00000000 (1 cycles)
[TB] fn=2 data0=00000059 data1=00000001 -> 00000000 (1 cycles)
[TB] fn=2 data0=0000005a data1=00000001 -> 00000000 (1 cycles)
[TB] fn=2 data0=0000005b data1=00000001 -> 00000000 (1 cycles)
[TB] fn=2 data0=0000005c data1=00000001 -> 00000000 (1 cycles)
[TB] fn=2 data0=0000005d data1=00000001 -> 00000000 (1 cycles)
[TB] fn=2 data0=0000005e data1=00000001 -> 00000000 (1 cycles)
[TB] fn=2 data0=0000005f data1=00000001 -> 00000000 (1 cycles)
[TB] fn=2 data0=00000060 data1=00000001 -> 00000000 (1 cycles)
[TB] fn=2 data0=00000061 data1=00000001 -> 00000000 (1 cycles)
[TB] fn=2 data0=00000062 data1=00000001 -> 00000000 (1 cycles)
[TB] fn=2 data0=00000063 data1=00000001 -> 00000000 (1 cycles)
[TB] fn=2 data0=00000064 data1=00000001 -> 00000000 (1 cycles)
[TB] fn=2 data0=00000065 data1=00000001 -> 00000000 (1 cycles)
[TB] fn=2 data0=00000066 data1=00000001 -> 00000000 (1 cycles)
[TB] fn=2 data0=00000067 data1=00000001 -> 00000000 (1 cycles)
[TB] fn=2 data0=00000068 data1=00000001 -> 00000000 (1 cycles)
[TB] fn=2 data0=00000069 data1=00000001 -> 00000000 (1 cycles)
[TB] fn=2 data0=0000006a data1=00000001 -> 00000000 (1 cycles)
[TB] fn=2 data0=0000006b data1=00000001 -> 00000000 (1 cycles)
[TB] fn=2 data0=0000006c data1=00000001 -> 00000000 (1 cycles)
[TB] fn=2 data0=0000006d data1=00000001 -> 00000000 (1 cycles)
[TB] fn=2 data0=0000006e data1=00000001 -> 00000000 (1 cycles)
[TB] fn=2 data0=0000006f data1=00000001 -> 00000000 (1 cycles)
[TB] fn=2 data0=00000070 data1=00000001 -> 00000000 (1 cycles)
[TB] fn=2 data0=00000071 data1=00000001 -> 00000000 (1 cycles)
[TB] fn=2 data0=00000072 data1=00000001 -> 00000000 (1 cycles)
[TB] fn=2 data0=00000073 data1=00000001 -> 00000000 (1 cycles)
[TB] fn=2 data0=00000074 data1=00000001 -> 00000000 (1 cycles)
[TB] fn=2 data0=00000075 data1=00000001 -> 00000000 (1 cycles)
[TB] fn=2 data0=00000076 data1=00000001 -> 00000000 (1 cycles)
[TB] fn=2 data0=00000077 data1=00000001 -> 00000000 (1 cycles)
[TB] fn=2 data0=00000078 data1=00000001 -> 00000000 (1 cycles)
[TB] fn=2 data0=00000079 data1=00000001 -> 00000000 (1 cycles)
[TB] fn=2 data0=0000007a data1=00000001 -> 00000000 (1 cycles)
[TB] fn=2 data0=0000007b data1=00000001 -> 00000000 (1 cycles)
[TB] fn=2 data0=0000007c data1=00000001 -> 00000000 (1 cycles)
[TB] fn=2 data0=0000007d data1=00000001 -> 00000000 (1 cycles)
[TB] fn=2 data0=0000007e data1=00000001 -> 00000000 (1 cycles)
[TB] fn=2 data0=0000007f data1=00000001 -> 00000000 (1 cycles)
[TB] fn=2 data0=00000080 data1=00000001 -> 00000000 (1 cycles)
[TB] fn=2 data0=00000081 data1=00000001 -> 00000000 (1 cycles)
[TB] fn=2 data0=00000082 data1=00000001 -> 00000000 (1 cycles)
[TB] fn=2 data0=00000083 data1=00000001 -> 00000000 (1 cycles)
[TB] fn=2 data0=00000084 data1=00000001 -> 00000000 (1 cycles)
[TB] fn=2 data0=00000085 data1=00000001 -> 00000000 (1 cycles)
[TB] fn=2 data0=00000086 data1=00000001 -> 00000000 (1 cycles)
[TB] fn=2 data0=00000087 data1=00000001 -> 00000000 (1 cycles)
[TB] fn=2 data0=00000088 data1=00000001 -> 00000000 (1 cycles)
[TB] fn=2 data0=00000089 data1=00000001 -> 00000000 (1 cycles)
[TB] fn=2 data0=0000008a data1=00000001 -> 00000000 (1 cycles)
[TB] fn=2 data0=0000008b data1=00000001 -> 00000000 (1 cycles)
[TB] fn=2 data0=0000008c data1=00000001 -> 00000000 (1 cycles)
[TB] fn=2 data0=0000008d data1=00000001 -> 00000000 (1 cycles)
[TB] fn=2 data0=0000008e data1=00000001 -> 00000000 (1 cycles)
[TB] fn=2 data0=0000008f data1=00000001 -> 00000000 (1 cycles)
[TB] fn=2 data0=00000090 data1=00000001 -> 00000000 (1 cycles)
[TB] fn=2 data0=00000091 data1=00000001 -> 00000000 (1 cycles)
[TB] fn=2 data0=00000092 data1=00000001 -> 00000000 (1 cycles)
[TB] fn=2 data0=00000093 data1=00000001 -> 00000000 (1 cycles)
[TB] fn=2 data0=00000094 data1=00000001 -> 00000000 (1 cycles)
[TB] fn=2 data0=00000095 data1=00000001 -> 00000000 (1 cycles)
[TB] fn=2 data0=00000096 data1=00000001 -> 00000000 (1 cycles)
[TB] fn=2 data0=00000097 data1=00000001 -> 00000000 (1 cycles)
[TB] fn=2 data0=00000098 data1=00000001 -> 00000000 (1 cycles)
[TB] fn=2 data0=00000099 data1=00000001 -> 00000000 (1 cycles)
[TB] fn=2 data0=0000009a data1=00000001 -> 00000000 (1 cycles)
[TB] fn=2 data0=0000009b data1=00000001 -> 00000000 (1 cycles)
[TB] fn=2 data0=0000009c data1=00000001 -> 00000000 (1 cycles)
[TB] fn=2 data0=0000009d data1=00000001 -> 00000000 (1 cycles)
[TB] fn=2 data0=0000009e data1=00000001 -> 00000000 (1 cycles)
[TB] fn=2 data0=0000009f data1=00000001 -> 00000000 (1 cycles)
[TB] fn=2 data0=000000a0 data1=00000001 -> 00000000 (1 cycles)
[TB] fn=2 data0=000000a1 data1=00000001 -> 00000000 (1 cycles)
[TB] fn=2 data0=000000a2 data1=00000001 -> 00000000 (1 cycles)
[TB] fn=2 data0=000000a3 data1=00000001 -> 00000000 (1 cycles)
[TB] fn=2 data0=000000a4 data1=00000001 -> 00000000 (1 cycles)
[TB] fn=2 data0=000000a5 data1=00000001 -> 00000000 (1 cycles)
[TB] fn=2 data0=000000a6 data1=00000001 -> 00000000 (1 cycles)
[TB] fn=2 data0=000000a7 data1=00000001 -> 00000000 (1 cycles)
[TB] fn=2 data0=000000a8 data1=00000001 -> 00000000 (1 cycles)
[TB] fn=2 data0=000000a9 data1=00000001 -> 00000000 (1 cycles)
[TB] fn=2 data0=000000aa data1=00000001 -> 00000000 (1 cycles)
[TB] fn=2 data0=000000ab data1=00000001 -> 00000000 (1 cycles)
[TB] fn=2 data0=000000ac data1=00000001 -> 00000000 (1 cycles)
[TB] fn=2 data0=000000ad data1=00000001 -> 00000000 (1 cycles)
[TB] fn=2 data0=000000ae data1=00000001 -> 00000000 (1 cycles)
[TB] fn=2 data0=000000af data1=00000001 -> 00000000 (1 cycles)
[TB] fn=2 data0=000000b0 data1=00000001 -> 00000000 (1 cycles)
[TB] fn=2 data0=000000b1 data1=00000001 -> 00000000 (1 cycles)
[TB] fn=2 data0=000000b2 data1=00000001 -> 00000000 (1 cycles)
[TB] fn=2 data0=000000b3 data1=00000001 -> 00000000 (1 cycles)
[TB] fn=2 data0=000000b4 data1=00000001 -> 00000000 (1 cycles)
[TB] fn=2 data0=000000b5 data1=00000001 -> 00000000 (1 cycles)
[TB] fn=2 data0=000000b6 data1=00000001 -> 00000000 (1 cycles)
[TB] fn=2 data0=000000b7 data1=00000001 -> 00000000 (1 cycles)
[TB] fn=2 data0=000000b8 data1=00000001 -> 00000000 (1 cycles)
[TB] fn=2 data0=000000b9 data1=00000001 -> 00000000 (1 cycles)
[TB] fn=2 data0=000000ba data1=00000001 -> 00000000 (1 cycles)
[TB] fn=2 data0=000000bb data1=00000001 -> 00000000 (1 cycles)
[TB] fn=2 data0=000000bc data1=00000001 -> 00000000 (1 cycles)
[TB] fn=2 data0=000000bd data1=00000001 -> 00000000 (1 cycles)
[TB] fn=2 data0=000000be data1=00000001 -> 00000000 (1 cycles)
[TB] fn=2 data0=000000bf data1=00000001 -> 00000000 (1 cycles)
[TB] fn=2 data0=000000c0 data1=00000001 -> 00000000 (1 cycles)
[TB] fn=2 data0=000000c1 data1=00000001 -> 00000000 (1 cycles)
[TB] fn=2 data0=000000c2 data1=00000001 -> 00000000 (1 cycles)
[TB] fn=2 data0=000000c3 data1=00000001 -> 00000000 (1 cycles)
[TB] fn=2 data0=000000c4 data1=00000001 -> 00000000 (1 cycles)
[TB] fn=2 data0=000000c5 data1=00000001 -> 00000000 (1 cycles)
[TB] fn=2 data0=000000c6 data1=00000001 -> 00000000 (1 cycles)
[TB] fn=2 data0=000000c7 data1=00000001 -> 00000000 (1 cycles)
[TB] fn=2 data0=000000c8 data1=00000001 -> 00000000 (1 cycles)
[TB] fn=2 data0=000000c9 data1=00000001 -> 00000000 (1 cycles)
[TB] fn=2 data0=000000ca data1=00000001 -> 00000000 (1 cycles)
[TB] fn=2 data0=000000cb data1=00000001 -> 00000000 (1 cycles)
[TB] fn=2 data0=000000cc data1=00000001 -> 00000000 (1 cycles)
[TB] fn=2 data0=000000cd data1=00000001 -> 00000000 (1 cycles)
[TB] fn=2 data0=000000ce data1=00000001 -> 00000000 (1 cycles)
[TB] fn=2 data0=000000cf data1=00000001 -> 00000000 (1 cycles)
[TB] fn=2 data0=000000d0 data1=00000001 -> 00000000 (1 cycles)
[TB] fn=2 data0=000000d1 data1=00000001 -> 00000000 (1 cycles)
[TB] fn=2 data0=000000d2 data1=00000001 -> 00000000 (1 cycles)
[TB] fn=2 data0=000000d3 data1=00000001 -> 00000000 (1 cycles)
[TB] fn=2 data0=000000d4 data1=00000001 -> 00000000 (1 cycles)
[TB] fn=2 data0=000000d5 data1=00000001 -> 00000000 (1 cycles)
[TB] fn=2 data0=000000d6 data1=00000001 -> 00000000 (1 cycles)
[TB] fn=2 data0=000000d7 data1=00000001 -> 00000000 (1 cycles)
[TB] Loading projection weights...
[TB] fn=3 data0=00000000 data1=00000001 -> 00000000 (1 cycles)
[TB] fn=3 data0=00000001 data1=00000001 -> 00000000 (1 cycles)
[TB] fn=3 data0=00000002 data1=00000001 -> 00000000 (1 cycles)
[TB] fn=3 data0=00000003 data1=00000001 -> 00000000 (1 cycles)
[TB] fn=3 data0=00000004 data1=00000001 -> 00000000 (1 cycles)
[TB] fn=3 data0=00000005 data1=00000001 -> 00000000 (1 cycles)
[TB] fn=3 data0=00000006 data1=00000001 -> 00000000 (1 cycles)
[TB] fn=3 data0=00000007 data1=00000001 -> 00000000 (1 cycles)
[TB] fn=3 data0=00000008 data1=00000001 -> 00000000 (1 cycles)
[TB] fn=3 data0=00000009 data1=00000001 -> 00000000 (1 cycles)
[TB] fn=3 data0=0000000a data1=00000001 -> 00000000 (1 cycles)
[TB] fn=3 data0=0000000b data1=00000001 -> 00000000 (1 cycles)
[TB] fn=3 data0=0000000c data1=00000001 -> 00000000 (1 cycles)
[TB] fn=3 data0=0000000d data1=00000001 -> 00000000 (1 cycles)
[TB] fn=3 data0=0000000e data1=00000001 -> 00000000 (1 cycles)
[TB] fn=3 data0=0000000f data1=00000001 -> 00000000 (1 cycles)
[TB] fn=3 data0=00000010 data1=00000001 -> 00000000 (1 cycles)
[TB] fn=3 data0=00000011 data1=00000001 -> 00000000 (1 cycles)
[TB] fn=3 data0=00000012 data1=00000001 -> 00000000 (1 cycles)
[TB] fn=3 data0=00000013 data1=00000001 -> 00000000 (1 cycles)
[TB] fn=3 data0=00000014 data1=00000001 -> 00000000 (1 cycles)
[TB] fn=3 data0=00000015 data1=00000001 -> 00000000 (1 cycles)
[TB] fn=3 data0=00000016 data1=00000001 -> 00000000 (1 cycles)
[TB] fn=3 data0=00000017 data1=00000001 -> 00000000 (1 cycles)
[TB] fn=3 data0=00000018 data1=00000001 -> 00000000 (1 cycles)
[TB] fn=3 data0=00000019 data1=00000001 -> 00000000 (1 cycles)
[TB] fn=3 data0=0000001a data1=00000001 -> 00000000 (1 cycles)
[TB] fn=3 data0=0000001b data1=00000001 -> 00000000 (1 cycles)
[TB] fn=3 data0=0000001c data1=00000001 -> 00000000 (1 cycles)
[TB] fn=3 data0=0000001d data1=00000001 -> 00000000 (1 cycles)
[TB] fn=3 data0=0000001e data1=00000001 -> 00000000 (1 cycles)
[TB] fn=3 data0=0000001f data1=00000001 -> 00000000 (1 cycles)
[TB] fn=3 data0=00000020 data1=00000001 -> 00000000 (1 cycles)
[TB] fn=3 data0=00000021 data1=00000001 -> 00000000 (1 cycles)
[TB] fn=3 data0=00000022 data1=00000001 -> 00000000 (1 cycles)
[TB] fn=3 data0=00000023 data1=00000001 -> 00000000 (1 cycles)
[TB] fn=3 data0=00000024 data1=00000001 -> 00000000 (1 cycles)
[TB] fn=3 data0=00000025 data1=00000001 -> 00000000 (1 cycles)
[TB] fn=3 data0=00000026 data1=00000001 -> 00000000 (1 cycles)
[TB] fn=3 data0=00000027 data1=00000001 -> 00000000 (1 cycles)
[TB] fn=3 data0=00000028 data1=00000001 -> 00000000 (1 cycles)
[TB] fn=3 data0=00000029 data1=00000001 -> 00000000 (1 cycles)
[TB] fn=3 data0=0000002a data1=00000001 -> 00000000 (1 cycles)
[TB] fn=3 data0=0000002b data1=00000001 -> 00000000 (1 cycles)
[TB] fn=3 data0=0000002c data1=00000001 -> 00000000 (1 cycles)
[TB] fn=3 data0=0000002d data1=00000001 -> 00000000 (1 cycles)
[TB] fn=3 data0=0000002e data1=00000001 -> 00000000 (1 cycles)
[TB] fn=3 data0=0000002f data1=00000001 -> 00000000 (1 cycles)
[TB] fn=3 data0=00000030 data1=00000001 -> 00000000 (1 cycles)
[TB] fn=3 data0=00000031 data1=00000001 -> 00000000 (1 cycles)
[TB] fn=3 data0=00000032 data1=00000001 -> 00000000 (1 cycles)
[TB] fn=3 data0=00000033 data1=00000001 -> 00000000 (1 cycles)
[TB] fn=3 data0=00000034 data1=00000001 -> 00000000 (1 cycles)
[TB] fn=3 data0=00000035 data1=00000001 -> 00000000 (1 cycles)
[TB] fn=3 data0=00000036 data1=00000001 -> 00000000 (1 cycles)
[TB] fn=3 data0=00000037 data1=00000001 -> 00000000 (1 cycles)
[TB] fn=3 data0=00000038 data1=00000001 -> 00000000 (1 cycles)
[TB] fn=3 data0=00000039 data1=00000001 -> 00000000 (1 cycles)
[TB] fn=3 data0=0000003a data1=00000001 -> 00000000 (1 cycles)
[TB] fn=3 data0=0000003b data1=00000001 -> 00000000 (1 cycles)
[TB] fn=3 data0=0000003c data1=00000001 -> 00000000 (1 cycles)
[TB] fn=3 data0=0000003d data1=00000001 -> 00000000 (1 cycles)
[TB] fn=3 data0=0000003e data1=00000001 -> 00000000 (1 cycles)
[TB] fn=3 data0=0000003f data1=00000001 -> 00000000 (1 cycles)
[TB] fn=3 data0=00000040 data1=00000001 -> 00000000 (1 cycles)
[TB] fn=3 data0=00000041 data1=00000001 -> 00000000 (1 cycles)
[TB] fn=3 data0=00000042 data1=00000001 -> 00000000 (1 cycles)
[TB] fn=3 data0=00000043 data1=00000001 -> 00000000 (1 cycles)
[TB] fn=3 data0=00000044 data1=00000001 -> 00000000 (1 cycles)
[TB] fn=3 data0=00000045 data1=00000001 -> 00000000 (1 cycles)
[TB] fn=3 data0=00000046 data1=00000001 -> 00000000 (1 cycles)
[TB] fn=3 data0=00000047 data1=00000001 -> 00000000 (1 cycles)
[TB] fn=3 data0=00000048 data1=00000001 -> 00000000 (1 cycles)
[TB] fn=3 data0=00000049 data1=00000001 -> 00000000 (1 cycles)
[TB] fn=3 data0=0000004a data1=00000001 -> 00000000 (1 cycles)
[TB] fn=3 data0=0000004b data1=00000001 -> 00000000 (1 cycles)
[TB] fn=3 data0=0000004c data1=00000001 -> 00000000 (1 cycles)
[TB] fn=3 data0=0000004d data1=00000001 -> 00000000 (1 cycles)
[TB] fn=3 data0=0000004e data1=00000001 -> 00000000 (1 cycles)
[TB] fn=3 data0=0000004f data1=00000001 -> 00000000 (1 cycles)
[TB] fn=3 data0=00000050 data1=00000001 -> 00000000 (1 cycles)
[TB] fn=3 data0=00000051 data1=00000001 -> 00000000 (1 cycles)
[TB] fn=3 data0=00000052 data1=00000001 -> 00000000 (1 cycles)
[TB] fn=3 data0=00000053 data1=00000001 -> 00000000 (1 cycles)
[TB] fn=3 data0=00000054 data1=00000001 -> 00000000 (1 cycles)
[TB] fn=3 data0=00000055 data1=00000001 -> 00000000 (1 cycles)
[TB] fn=3 data0=00000056 data1=00000001 -> 00000000 (1 cycles)
[TB] fn=3 data0=00000057 data1=00000001 -> 00000000 (1 cycles)
[TB] fn=3 data0=00000058 data1=00000001 -> 00000000 (1 cycles)
[TB] fn=3 data0=00000059 data1=00000001 -> 00000000 (1 cycles)
[TB] fn=3 data0=0000005a data1=00000001 -> 00000000 (1 cycles)
[TB] fn=3 data0=0000005b data1=00000001 -> 00000000 (1 cycles)
[TB] fn=3 data0=0000005c data1=00000001 -> 00000000 (1 cycles)
[TB] fn=3 data0=0000005d data1=00000001 -> 00000000 (1 cycles)
[TB] fn=3 data0=0000005e data1=00000001 -> 00000000 (1 cycles)
[TB] fn=3 data0=0000005f data1=00000001 -> 00000000 (1 cycles)
[TB] fn=3 data0=00000060 data1=00000001 -> 00000000 (1 cycles)
[TB] fn=3 data0=00000061 data1=00000001 -> 00000000 (1 cycles)
[TB] fn=3 data0=00000062 data1=00000001 -> 00000000 (1 cycles)
[TB] fn=3 data0=00000063 data1=00000001 -> 00000000 (1 cycles)
[TB] fn=3 data0=00000064 data1=00000001 -> 00000000 (1 cycles)
[TB] fn=3 data0=00000065 data1=00000001 -> 00000000 (1 cycles)
[TB] fn=3 data0=00000066 data1=00000001 -> 00000000 (1 cycles)
[TB] fn=3 data0=00000067 data1=00000001 -> 00000000 (1 cycles)
[TB] fn=3 data0=00000068 data1=00000001 -> 00000000 (1 cycles)
[TB] fn=3 data0=00000069 data1=00000001 -> 00000000 (1 cycles)
[TB] fn=3 data0=0000006a data1=00000001 -> 00000000 (1 cycles)
[TB] fn=3 data0=0000006b data1=00000001 -> 00000000 (1 cycles)
[TB] fn=3 data0=0000006c data1=00000001 -> 00000000 (1 cycles)
[TB] fn=3 data0=0000006d data1=00000001 -> 00000000 (1 cycles)
[TB] fn=3 data0=0000006e data1=00000001 -> 00000000 (1 cycles)
[TB] fn=3 data0=0000006f data1=00000001 -> 00000000 (1 cycles)
[TB] fn=3 data0=00000070 data1=00000001 -> 00000000 (1 cycles)
[TB] fn=3 data0=00000071 data1=00000001 -> 00000000 (1 cycles)
[TB] fn=3 data0=00000072 data1=00000001 -> 00000000 (1 cycles)
[TB] fn=3 data0=00000073 data1=00000001 -> 00000000 (1 cycles)
[TB] fn=3 data0=00000074 data1=00000001 -> 00000000 (1 cycles)
[TB] fn=3 data0=00000075 data1=00000001 -> 00000000 (1 cycles)
[TB] fn=3 data0=00000076 data1=00000001 -> 00000000 (1 cycles)
[TB] fn=3 data0=00000077 data1=00000001 -> 00000000 (1 cycles)
[TB] fn=3 data0=00000078 data1=00000001 -> 00000000 (1 cycles)
[TB] fn=3 data0=00000079 data1=00000001 -> 00000000 (1 cycles)
[TB] fn=3 data0=0000007a data1=00000001 -> 00000000 (1 cycles)
[TB] fn=3 data0=0000007b data1=00000001 -> 00000000 (1 cycles)
[TB] fn=3 data0=0000007c data1=00000001 -> 00000000 (1 cycles)
[TB] fn=3 data0=0000007d data1=00000001 -> 00000000 (1 cycles)
[TB] fn=3 data0=0000007e data1=00000001 -> 00000000 (1 cycles)
[TB] fn=3 data0=0000007f data1=00000001 -> 00000000 (1 cycles)
[TB] fn=3 data0=00000080 data1=00000001 -> 00000000 (1 cycles)
[TB] fn=3 data0=00000081 data1=00000001 -> 00000000 (1 cycles)
[TB] fn=3 data0=00000082 data1=00000001 -> 00000000 (1 cycles)
[TB] fn=3 data0=00000083 data1=00000001 -> 00000000 (1 cycles)
[TB] fn=3 data0=00000084 data1=00000001 -> 00000000 (1 cycles)
[TB] fn=3 data0=00000085 data1=00000001 -> 00000000 (1 cycles)
[TB] fn=3 data0=00000086 data1=00000001 -> 00000000 (1 cycles)
[TB] fn=3 data0=00000087 data1=00000001 -> 00000000 (1 cycles)
[TB] fn=3 data0=00000088 data1=00000001 -> 00000000 (1 cycles)
[TB] fn=3 data0=00000089 data1=00000001 -> 00000000 (1 cycles)
[TB] fn=3 data0=0000008a data1=00000001 -> 00000000 (1 cycles)
[TB] fn=3 data0=0000008b data1=00000001 -> 00000000 (1 cycles)
[TB] fn=3 data0=0000008c data1=00000001 -> 00000000 (1 cycles)
[TB] fn=3 data0=0000008d data1=00000001 -> 00000000 (1 cycles)
[TB] fn=3 data0=0000008e data1=00000001 -> 00000000 (1 cycles)
[TB] fn=3 data0=0000008f data1=00000001 -> 00000000 (1 cycles)
[TB] fn=3 data0=00000090 data1=00000001 -> 00000000 (1 cycles)
[TB] fn=3 data0=00000091 data1=00000001 -> 00000000 (1 cycles)
[TB] fn=3 data0=00000092 data1=00000001 -> 00000000 (1 cycles)
[TB] fn=3 data0=00000093 data1=00000001 -> 00000000 (1 cycles)
[TB] fn=3 data0=00000094 data1=00000001 -> 00000000 (1 cycles)
[TB] fn=3 data0=00000095 data1=00000001 -> 00000000 (1 cycles)
[TB] fn=3 data0=00000096 data1=00000001 -> 00000000 (1 cycles)
[TB] fn=3 data0=00000097 data1=00000001 -> 00000000 (1 cycles)
[TB] fn=3 data0=00000098 data1=00000001 -> 00000000 (1 cycles)
[TB] fn=3 data0=00000099 data1=00000001 -> 00000000 (1 cycles)
[TB] fn=3 data0=0000009a data1=00000001 -> 00000000 (1 cycles)
[TB] fn=3 data0=0000009b data1=00000001 -> 00000000 (1 cycles)
[TB] fn=3 data0=0000009c data1=00000001 -> 00000000 (1 cycles)
[TB] fn=3 data0=0000009d data1=00000001 -> 00000000 (1 cycles)
[TB] fn=3 data0=0000009e data1=00000001 -> 00000000 (1 cycles)
[TB] fn=3 data0=0000009f data1=00000001 -> 00000000 (1 cycles)
[TB] fn=3 data0=000000a0 data1=00000001 -> 00000000 (1 cycles)
[TB] fn=3 data0=000000a1 data1=00000001 -> 00000000 (1 cycles)
[TB] fn=3 data0=000000a2 data1=00000001 -> 00000000 (1 cycles)
[TB] fn=3 data0=000000a3 data1=00000001 -> 00000000 (1 cycles)
[TB] fn=3 data0=000000a4 data1=00000001 -> 00000000 (1 cycles)
[TB] fn=3 data0=000000a5 data1=00000001 -> 00000000 (1 cycles)
[TB] fn=3 data0=000000a6 data1=00000001 -> 00000000 (1 cycles)
[TB] fn=3 data0=000000a7 data1=00000001 -> 00000000 (1 cycles)
[TB] fn=3 data0=000000a8 data1=00000001 -> 00000000 (1 cycles)
[TB] fn=3 data0=000000a9 data1=00000001 -> 00000000 (1 cycles)
[TB] fn=3 data0=000000aa data1=00000001 -> 00000000 (1 cycles)
[TB] fn=3 data0=000000ab data1=00000001 -> 00000000 (1 cycles)
[TB] fn=3 data0=000000ac data1=00000001 -> 00000000 (1 cycles)
[TB] fn=3 data0=000000ad data1=00000001 -> 00000000 (1 cycles)
[TB] fn=3 data0=000000ae data1=00000001 -> 00000000 (1 cycles)
[TB] fn=3 data0=000000af data1=00000001 -> 00000000 (1 cycles)
[TB] fn=3 data0=000000b0 data1=00000001 -> 00000000 (1 cycles)
[TB] fn=3 data0=000000b1 data1=00000001 -> 00000000 (1 cycles)
[TB] fn=3 data0=000000b2 data1=00000001 -> 00000000 (1 cycles)
[TB] fn=3 data0=000000b3 data1=00000001 -> 00000000 (1 cycles)
[TB] fn=3 data0=000000b4 data1=00000001 -> 00000000 (1 cycles)
[TB] fn=3 data0=000000b5 data1=00000001 -> 00000000 (1 cycles)
[TB] fn=3 data0=000000b6 data1=00000001 -> 00000000 (1 cycles)
[TB] fn=3 data0=000000b7 data1=00000001 -> 00000000 (1 cycles)
[TB] fn=3 data0=000000b8 data1=00000001 -> 00000000 (1 cycles)
[TB] fn=3 data0=000000b9 data1=00000001 -> 00000000 (1 cycles)
[TB] fn=3 data0=000000ba data1=00000001 -> 00000000 (1 cycles)
[TB] fn=3 data0=000000bb data1=00000001 -> 00000000 (1 cycles)
[TB] fn=3 data0=000000bc data1=00000001 -> 00000000 (1 cycles)
[TB] fn=3 data0=000000bd data1=00000001 -> 00000000 (1 cycles)
[TB] fn=3 data0=000000be data1=00000001 -> 00000000 (1 cycles)
[TB] fn=3 data0=000000bf data1=00000001 -> 00000000 (1 cycles)
[TB] fn=3 data0=000000c0 data1=00000001 -> 00000000 (1 cycles)
[TB] fn=3 data0=000000c1 data1=00000001 -> 00000000 (1 cycles)
[TB] fn=3 data0=000000c2 data1=00000001 -> 00000000 (1 cycles)
[TB] fn=3 data0=000000c3 data1=00000001 -> 00000000 (1 cycles)
[TB] fn=3 data0=000000c4 data1=00000001 -> 00000000 (1 cycles)
[TB] fn=3 data0=000000c5 data1=00000001 -> 00000000 (1 cycles)
[TB] fn=3 data0=000000c6 data1=00000001 -> 00000000 (1 cycles)
[TB] fn=3 data0=000000c7 data1=00000001 -> 00000000 (1 cycles)
[TB] fn=3 data0=000000c8 data1=00000001 -> 00000000 (1 cycles)
[TB] fn=3 data0=000000c9 data1=00000001 -> 00000000 (1 cycles)
[TB] fn=3 data0=000000ca data1=00000001 -> 00000000 (1 cycles)
[TB] fn=3 data0=000000cb data1=00000001 -> 00000000 (1 cycles)
[TB] fn=3 data0=000000cc data1=00000001 -> 00000000 (1 cycles)
[TB] fn=3 data0=000000cd data1=00000001 -> 00000000 (1 cycles)
[TB] fn=3 data0=000000ce data1=00000001 -> 00000000 (1 cycles)
[TB] fn=3 data0=000000cf data1=00000001 -> 00000000 (1 cycles)
[TB] fn=3 data0=000000d0 data1=00000001 -> 00000000 (1 cycles)
[TB] fn=3 data0=000000d1 data1=00000001 -> 00000000 (1 cycles)
[TB] fn=3 data0=000000d2 data1=00000001 -> 00000000 (1 cycles)
[TB] fn=3 data0=000000d3 data1=00000001 -> 00000000 (1 cycles)
[TB] fn=3 data0=000000d4 data1=00000001 -> 00000000 (1 cycles)
[TB] fn=3 data0=000000d5 data1=00000001 -> 00000000 (1 cycles)
[TB] fn=3 data0=000000d6 data1=00000001 -> 00000000 (1 cycles)
[TB] fn=3 data0=000000d7 data1=00000001 -> 00000000 (1 cycles)
[TB] fn=3 data0=000000d8 data1=00000001 -> 00000000 (1 cycles)
[TB] fn=3 data0=000000d9 data1=00000001 -> 00000000 (1 cycles)
[TB] fn=3 data0=000000da data1=00000001 -> 00000000 (1 cycles)
[TB] fn=3 data0=000000db data1=00000001 -> 00000000 (1 cycles)
[TB] fn=3 data0=000000dc data1=00000001 -> 00000000 (1 cycles)
[TB] fn=3 data0=000000dd data1=00000001 -> 00000000 (1 cycles)
[TB] fn=3 data0=000000de data1=00000001 -> 00000000 (1 cycles)
[TB] fn=3 data0=000000df data1=00000001 -> 00000000 (1 cycles)
[TB] fn=3 data0=000000e0 data1=00000001 -> 00000000 (1 cycles)
[TB] fn=3 data0=000000e1 data1=00000001 -> 00000000 (1 cycles)
[TB] fn=3 data0=000000e2 data1=00000001 -> 00000000 (1 cycles)
[TB] fn=3 data0=000000e3 data1=00000001 -> 00000000 (1 cycles)
[TB] fn=3 data0=000000e4 data1=00000001 -> 00000000 (1 cycles)
[TB] fn=3 data0=000000e5 data1=00000001 -> 00000000 (1 cycles)
[TB] fn=3 data0=000000e6 data1=00000001 -> 00000000 (1 cycles)
[TB] fn=3 data0=000000e7 data1=00000001 -> 00000000 (1 cycles)
[TB] fn=3 data0=000000e8 data1=00000001 -> 00000000 (1 cycles)
[TB] fn=3 data0=000000e9 data1=00000001 -> 00000000 (1 cycles)
[TB] fn=3 data0=000000ea data1=00000001 -> 00000000 (1 cycles)
[TB] fn=3 data0=000000eb data1=00000001 -> 00000000 (1 cycles)
[TB] fn=3 data0=000000ec data1=00000001 -> 00000000 (1 cycles)
[TB] fn=3 data0=000000ed data1=00000001 -> 00000000 (1 cycles)
[TB] fn=3 data0=000000ee data1=00000001 -> 00000000 (1 cycles)
[TB] fn=3 data0=000000ef data1=00000001 -> 00000000 (1 cycles)
[TB] fn=3 data0=000000f0 data1=00000001 -> 00000000 (1 cycles)
[TB] fn=3 data0=000000f1 data1=00000001 -> 00000000 (1 cycles)
[TB] fn=3 data0=000000f2 data1=00000001 -> 00000000 (1 cycles)
[TB] fn=3 data0=000000f3 data1=00000001 -> 00000000 (1 cycles)
[TB] fn=3 data0=000000f4 data1=00000001 -> 00000000 (1 cycles)
[TB] fn=3 data0=000000f5 data1=00000001 -> 00000000 (1 cycles)
[TB] fn=3 data0=000000f6 data1=00000001 -> 00000000 (1 cycles)
[TB] fn=3 data0=000000f7 data1=00000001 -> 00000000 (1 cycles)
[TB] fn=3 data0=000000f8 data1=00000001 -> 00000000 (1 cycles)
[TB] fn=3 data0=000000f9 data1=00000001 -> 00000000 (1 cycles)
[TB] fn=3 data0=000000fa data1=00000001 -> 00000000 (1 cycles)
[TB] fn=3 data0=000000fb data1=00000001 -> 00000000 (1 cycles)
[TB] fn=3 data0=000000fc data1=00000001 -> 00000000 (1 cycles)
[TB] fn=3 data0=000000fd data1=00000001 -> 00000000 (1 cycles)
[TB] fn=3 data0=000000fe data1=00000001 -> 00000000 (1 cycles)
[TB] fn=3 data0=000000ff data1=00000001 -> 00000000 (1 cycles)
[TB] fn=3 data0=00000100 data1=00000001 -> 00000000 (1 cycles)
[TB] fn=3 data0=00000101 data1=00000001 -> 00000000 (1 cycles)
[TB] fn=3 data0=00000102 data1=00000001 -> 00000000 (1 cycles)
[TB] fn=3 data0=00000103 data1=00000001 -> 00000000 (1 cycles)
[TB] fn=3 data0=00000104 data1=00000001 -> 00000000 (1 cycles)
[TB] fn=3 data0=00000105 data1=00000001 -> 00000000 (1 cycles)
[TB] fn=3 data0=00000106 data1=00000001 -> 00000000 (1 cycles)
[TB] fn=3 data0=00000107 data1=00000001 -> 00000000 (1 cycles)
[TB] fn=3 data0=00000108 data1=00000001 -> 00000000 (1 cycles)
[TB] fn=3 data0=00000109 data1=00000001 -> 00000000 (1 cycles)
[TB] fn=3 data0=0000010a data1=00000001 -> 00000000 (1 cycles)
[TB] fn=3 data0=0000010b data1=00000001 -> 00000000 (1 cycles)
[TB] fn=3 data0=0000010c data1=00000001 -> 00000000 (1 cycles)
[TB] fn=3 data0=0000010d data1=00000001 -> 00000000 (1 cycles)
[TB] fn=3 data0=0000010e data1=00000001 -> 00000000 (1 cycles)
[TB] fn=3 data0=0000010f data1=00000001 -> 00000000 (1 cycles)
[TB] fn=3 data0=00000110 data1=00000001 -> 00000000 (1 cycles)
[TB] fn=3 data0=00000111 data1=00000001 -> 00000000 (1 cycles)
[TB] fn=3 data0=00000112 data1=00000001 -> 00000000 (1 cycles)
[TB] fn=3 data0=00000113 data1=00000001 -> 00000000 (1 cycles)
[TB] fn=3 data0=00000114 data1=00000001 -> 00000000 (1 cycles)
[TB] fn=3 data0=00000115 data1=00000001 -> 00000000 (1 cycles)
[TB] fn=3 data0=00000116 data1=00000001 -> 00000000 (1 cycles)
[TB] fn=3 data0=00000117 data1=00000001 -> 00000000 (1 cycles)
[TB] fn=3 data0=00000118 data1=00000001 -> 00000000 (1 cycles)
[TB] fn=3 data0=00000119 data1=00000001 -> 00000000 (1 cycles)
[TB] fn=3 data0=0000011a data1=00000001 -> 00000000 (1 cycles)
[TB] fn=3 data0=0000011b data1=00000001 -> 00000000 (1 cycles)
[TB] fn=3 data0=0000011c data1=00000001 -> 00000000 (1 cycles)
[TB] fn=3 data0=0000011d data1=00000001 -> 00000000 (1 cycles)
[TB] fn=3 data0=0000011e data1=00000001 -> 00000000 (1 cycles)
[TB] fn=3 data0=0000011f data1=00000001 -> 00000000 (1 cycles)
[TB] fn=3 data0=00000120 data1=00000001 -> 00000000 (1 cycles)
[TB] fn=3 data0=00000121 data1=00000001 -> 00000000 (1 cycles)
[TB] fn=3 data0=00000122 data1=00000001 -> 00000000 (1 cycles)
[TB] fn=3 data0=00000123 data1=00000001 -> 00000000 (1 cycles)
[TB] fn=3 data0=00000124 data1=00000001 -> 00000000 (1 cycles)
[TB] fn=3 data0=00000125 data1=00000001 -> 00000000 (1 cycles)
[TB] fn=3 data0=00000126 data1=00000001 -> 00000000 (1 cycles)
[TB] fn=3 data0=00000127 data1=00000001 -> 00000000 (1 cycles)
[TB] fn=3 data0=00000128 data1=00000001 -> 00000000 (1 cycles)
[TB] fn=3 data0=00000129 data1=00000001 -> 00000000 (1 cycles)
[TB] fn=3 data0=0000012a data1=00000001 -> 00000000 (1 cycles)
[TB] fn=3 data0=0000012b data1=00000001 -> 00000000 (1 cycles)
[TB] fn=3 data0=0000012c data1=00000001 -> 00000000 (1 cycles)
[TB] fn=3 data0=0000012d data1=00000001 -> 00000000 (1 cycles)
[TB] fn=3 data0=0000012e data1=00000001 -> 00000000 (1 cycles)
[TB] fn=3 data0=0000012f data1=00000001 -> 00000000 (1 cycles)
[TB] fn=3 data0=00000130 data1=00000001 -> 00000000 (1 cycles)
[TB] fn=3 data0=00000131 data1=00000001 -> 00000000 (1 cycles)
[TB] fn=3 data0=00000132 data1=00000001 -> 00000000 (1 cycles)
[TB] fn=3 data0=00000133 data1=00000001 -> 00000000 (1 cycles)
[TB] fn=3 data0=00000134 data1=00000001 -> 00000000 (1 cycles)
[TB] fn=3 data0=00000135 data1=00000001 -> 00000000 (1 cycles)
[TB] fn=3 data0=00000136 data1=00000001 -> 00000000 (1 cycles)
[TB] fn=3 data0=00000137 data1=00000001 -> 00000000 (1 cycles)
[TB] fn=3 data0=00000138 data1=00000001 -> 00000000 (1 cycles)
[TB] fn=3 data0=00000139 data1=00000001 -> 00000000 (1 cycles)
[TB] fn=3 data0=0000013a data1=00000001 -> 00000000 (1 cycles)
[TB] fn=3 data0=0000013b data1=00000001 -> 00000000 (1 cycles)
[TB] fn=3 data0=0000013c data1=00000001 -> 00000000 (1 cycles)
[TB] fn=3 data0=0000013d data1=00000001 -> 00000000 (1 cycles)
[TB] fn=3 data0=0000013e data1=00000001 -> 00000000 (1 cycles)
[TB] fn=3 data0=0000013f data1=00000001 -> 00000000 (1 cycles)
[TB] fn=3 data0=00000140 data1=00000001 -> 00000000 (1 cycles)
[TB] fn=3 data0=00000141 data1=00000001 -> 00000000 (1 cycles)
[TB] fn=3 data0=00000142 data1=00000001 -> 00000000 (1 cycles)
[TB] fn=3 data0=00000143 data1=00000001 -> 00000000 (1 cycles)
[TB] fn=3 data0=00000144 data1=00000001 -> 00000000 (1 cycles)
[TB] fn=3 data0=00000145 data1=00000001 -> 00000000 (1 cycles)
[TB] fn=3 data0=00000146 data1=00000001 -> 00000000 (1 cycles)
[TB] fn=3 data0=00000147 data1=00000001 -> 00000000 (1 cycles)
[TB] fn=3 data0=00000148 data1=00000001 -> 00000000 (1 cycles)
[TB] fn=3 data0=00000149 data1=00000001 -> 00000000 (1 cycles)
[TB] fn=3 data0=0000014a data1=00000001 -> 00000000 (1 cycles)
[TB] fn=3 data0=0000014b data1=00000001 -> 00000000 (1 cycles)
[TB] fn=3 data0=0000014c data1=00000001 -> 00000000 (1 cycles)
[TB] fn=3 data0=0000014d data1=00000001 -> 00000000 (1 cycles)
[TB] fn=3 data0=0000014e data1=00000001 -> 00000000 (1 cycles)
[TB] fn=3 data0=0000014f data1=00000001 -> 00000000 (1 cycles)
[TB] fn=3 data0=00000150 data1=00000001 -> 00000000 (1 cycles)
[TB] fn=3 data0=00000151 data1=00000001 -> 00000000 (1 cycles)
[TB] fn=3 data0=00000152 data1=00000001 -> 00000000 (1 cycles)
[TB] fn=3 data0=00000153 data1=00000001 -> 00000000 (1 cycles)
[TB] fn=3 data0=00000154 data1=00000001 -> 00000000 (1 cycles)
[TB] fn=3 data0=00000155 data1=00000001 -> 00000000 (1 cycles)
[TB] fn=3 data0=00000156 data1=00000001 -> 00000000 (1 cycles)
[TB] fn=3 data0=00000157 data1=00000001 -> 00000000 (1 cycles)
[TB] fn=3 data0=00000158 data1=00000001 -> 00000000 (1 cycles)
[TB] fn=3 data0=00000159 data1=00000001 -> 00000000 (1 cycles)
[TB] fn=3 data0=0000015a data1=00000001 -> 00000000 (1 cycles)
[TB] fn=3 data0=0000015b data1=00000001 -> 00000000 (1 cycles)
[TB] fn=3 data0=0000015c data1=00000001 -> 00000000 (1 cycles)
[TB] fn=3 data0=0000015d data1=00000001 -> 00000000 (1 cycles)
[TB] fn=3 data0=0000015e data1=00000001 -> 00000000 (1 cycles)
[TB] fn=3 data0=0000015f data1=00000001 -> 00000000 (1 cycles)
[TB] fn=3 data0=00000160 data1=00000001 -> 00000000 (1 cycles)
[TB] fn=3 data0=00000161 data1=00000001 -> 00000000 (1 cycles)
[TB] fn=3 data0=00000162 data1=00000001 -> 00000000 (1 cycles)
[TB] fn=3 data0=00000163 data1=00000001 -> 00000000 (1 cycles)
[TB] fn=3 data0=00000164 data1=00000001 -> 00000000 (1 cycles)
[TB] fn=3 data0=00000165 data1=00000001 -> 00000000 (1 cycles)
[TB] fn=3 data0=00000166 data1=00000001 -> 00000000 (1 cycles)
[TB] fn=3 data0=00000167 data1=00000001 -> 00000000 (1 cycles)
[TB] fn=3 data0=00000168 data1=00000001 -> 00000000 (1 cycles)
[TB] fn=3 data0=00000169 data1=00000001 -> 00000000 (1 cycles)
[TB] fn=3 data0=0000016a data1=00000001 -> 00000000 (1 cycles)
[TB] fn=3 data0=0000016b data1=00000001 -> 00000000 (1 cycles)
[TB] fn=3 data0=0000016c data1=00000001 -> 00000000 (1 cycles)
[TB] fn=3 data0=0000016d data1=00000001 -> 00000000 (1 cycles)
[TB] fn=3 data0=0000016e data1=00000001 -> 00000000 (1 cycles)
[TB] fn=3 data0=0000016f data1=00000001 -> 00000000 (1 cycles)
[TB] fn=3 data0=00000170 data1=00000001 -> 00000000 (1 cycles)
[TB] fn=3 data0=00000171 data1=00000001 -> 00000000 (1 cycles)
[TB] fn=3 data0=00000172 data1=00000001 -> 00000000 (1 cycles)
[TB] fn=3 data0=00000173 data1=00000001 -> 00000000 (1 cycles)
[TB] fn=3 data0=00000174 data1=00000001 -> 00000000 (1 cycles)
[TB] fn=3 data0=00000175 data1=00000001 -> 00000000 (1 cycles)
[TB] fn=3 data0=00000176 data1=00000001 -> 00000000 (1 cycles)
[TB] fn=3 data0=00000177 data1=00000001 -> 00000000 (1 cycles)
[TB] fn=3 data0=00000178 data1=00000001 -> 00000000 (1 cycles)
[TB] fn=3 data0=00000179 data1=00000001 -> 00000000 (1 cycles)
[TB] fn=3 data0=0000017a data1=00000001 -> 00000000 (1 cycles)
[TB] fn=3 data0=0000017b data1=00000001 -> 00000000 (1 cycles)
[TB] fn=3 data0=0000017c data1=00000001 -> 00000000 (1 cycles)
[TB] fn=3 data0=0000017d data1=00000001 -> 00000000 (1 cycles)
[TB] fn=3 data0=0000017e data1=00000001 -> 00000000 (1 cycles)
[TB] fn=3 data0=0000017f data1=00000001 -> 00000000 (1 cycles)
[TB] Test data loaded.

===== Starting accelerator =====
[TB] fn=4 data0=00000000 data1=00000000 -> 00000000 (1 cycles)
[TB] START returned 00000000

===== Running accelerator =====
[TB] fn=5 data0=00000000 data1=00000000 -> 00000001 (1 cycles)
[TB] cycle=0 status=00000001 busy=1 done=0
[TB] fn=5 data0=00000000 data1=00000000 -> 00000001 (1 cycles)
[TB] cycle=1000 status=00000001 busy=1 done=0
[TB] fn=5 data0=00000000 data1=00000000 -> 00000001 (1 cycles)
[TB] cycle=2000 status=00000001 busy=1 done=0
[TB] fn=5 data0=00000000 data1=00000000 -> 00000001 (1 cycles)
[TB] cycle=3000 status=00000001 busy=1 done=0
[TB] fn=5 data0=00000000 data1=00000000 -> 00000001 (1 cycles)
[TB] cycle=4000 status=00000001 busy=1 done=0
[TB] fn=5 data0=00000000 data1=00000000 -> 00000001 (1 cycles)
[TB] cycle=5000 status=00000001 busy=1 done=0
[TB] fn=5 data0=00000000 data1=00000000 -> 00000001 (1 cycles)
[TB] cycle=6000 status=00000001 busy=1 done=0
[TB] fn=5 data0=00000000 data1=00000000 -> 00000001 (1 cycles)
[TB] cycle=7000 status=00000001 busy=1 done=0
[TB] fn=5 data0=00000000 data1=00000000 -> 00000001 (1 cycles)
[TB] cycle=8000 status=00000001 busy=1 done=0
[TB] fn=5 data0=00000000 data1=00000000 -> 00000001 (1 cycles)
[TB] cycle=9000 status=00000001 busy=1 done=0
[TB] fn=5 data0=00000000 data1=00000000 -> 00000001 (1 cycles)
[TB] cycle=10000 status=00000001 busy=1 done=0
[TB] fn=5 data0=00000000 data1=00000000 -> 00000001 (1 cycles)
[TB] cycle=11000 status=00000001 busy=1 done=0
[TB] fn=5 data0=00000000 data1=00000000 -> 00000001 (1 cycles)
[TB] cycle=12000 status=00000001 busy=1 done=0
[TB] fn=5 data0=00000000 data1=00000000 -> 00000002 (1 cycles)
[TB] cycle=13000 status=00000002 busy=0 done=1
[TB] DONE after approximately 13000 cycles

===== Reading and verifying all outputs =====
[TB] fn=6 data0=00000000 data1=00000000 -> 000000c0 (2 cycles)
[TB] OUTPUT[0] = 000000c0 (192)
[TB] fn=6 data0=00000001 data1=00000000 -> 000000c0 (2 cycles)
[TB] OUTPUT[1] = 000000c0 (192)
[TB] fn=6 data0=00000002 data1=00000000 -> 000000c0 (2 cycles)
[TB] OUTPUT[2] = 000000c0 (192)
[TB] fn=6 data0=00000003 data1=00000000 -> 000000c0 (2 cycles)
[TB] OUTPUT[3] = 000000c0 (192)
[TB] fn=6 data0=00000004 data1=00000000 -> 000000c0 (2 cycles)
[TB] fn=6 data0=00000005 data1=00000000 -> 000000c0 (2 cycles)
[TB] fn=6 data0=00000006 data1=00000000 -> 000000c0 (2 cycles)
[TB] fn=6 data0=00000007 data1=00000000 -> 000000c0 (2 cycles)
[TB] fn=6 data0=00000008 data1=00000000 -> 000000c0 (2 cycles)
[TB] fn=6 data0=00000009 data1=00000000 -> 000000c0 (2 cycles)
[TB] fn=6 data0=0000000a data1=00000000 -> 000000c0 (2 cycles)
[TB] fn=6 data0=0000000b data1=00000000 -> 000000c0 (2 cycles)
[TB] fn=6 data0=0000000c data1=00000000 -> 000000c0 (2 cycles)
[TB] fn=6 data0=0000000d data1=00000000 -> 000000c0 (2 cycles)
[TB] fn=6 data0=0000000e data1=00000000 -> 000000c0 (2 cycles)
[TB] fn=6 data0=0000000f data1=00000000 -> 000000c0 (2 cycles)
[TB] fn=6 data0=00000010 data1=00000000 -> 00000180 (2 cycles)
[TB] FAIL OUTPUT[16] expected 192 got 384
[TB] fn=6 data0=00000011 data1=00000000 -> 00000180 (2 cycles)
[TB] FAIL OUTPUT[17] expected 192 got 384
[TB] fn=6 data0=00000012 data1=00000000 -> 00000180 (2 cycles)
[TB] FAIL OUTPUT[18] expected 192 got 384
[TB] fn=6 data0=00000013 data1=00000000 -> 00000180 (2 cycles)
[TB] FAIL OUTPUT[19] expected 192 got 384
[TB] fn=6 data0=00000014 data1=00000000 -> 00000180 (2 cycles)
[TB] FAIL OUTPUT[20] expected 192 got 384
[TB] fn=6 data0=00000015 data1=00000000 -> 00000180 (2 cycles)
[TB] FAIL OUTPUT[21] expected 192 got 384
[TB] fn=6 data0=00000016 data1=00000000 -> 00000180 (2 cycles)
[TB] FAIL OUTPUT[22] expected 192 got 384
[TB] fn=6 data0=00000017 data1=00000000 -> 00000180 (2 cycles)
[TB] FAIL OUTPUT[23] expected 192 got 384
[TB] fn=6 data0=00000018 data1=00000000 -> 00000180 (2 cycles)
[TB] FAIL OUTPUT[24] expected 192 got 384
[TB] fn=6 data0=00000019 data1=00000000 -> 00000180 (2 cycles)
[TB] FAIL OUTPUT[25] expected 192 got 384
[TB] fn=6 data0=0000001a data1=00000000 -> 00000180 (2 cycles)
[TB] FAIL OUTPUT[26] expected 192 got 384
[TB] fn=6 data0=0000001b data1=00000000 -> 00000180 (2 cycles)
[TB] FAIL OUTPUT[27] expected 192 got 384
[TB] fn=6 data0=0000001c data1=00000000 -> 00000180 (2 cycles)
[TB] FAIL OUTPUT[28] expected 192 got 384
[TB] fn=6 data0=0000001d data1=00000000 -> 00000180 (2 cycles)
[TB] FAIL OUTPUT[29] expected 192 got 384
[TB] fn=6 data0=0000001e data1=00000000 -> 00000180 (2 cycles)
[TB] FAIL OUTPUT[30] expected 192 got 384
[TB] fn=6 data0=0000001f data1=00000000 -> 00000180 (2 cycles)
[TB] FAIL OUTPUT[31] expected 192 got 384
[TB] fn=6 data0=00000020 data1=00000000 -> 00000180 (2 cycles)
[TB] FAIL OUTPUT[32] expected 192 got 384
[TB] fn=6 data0=00000021 data1=00000000 -> 00000180 (2 cycles)
[TB] FAIL OUTPUT[33] expected 192 got 384
[TB] fn=6 data0=00000022 data1=00000000 -> 00000180 (2 cycles)
[TB] FAIL OUTPUT[34] expected 192 got 384
[TB] fn=6 data0=00000023 data1=00000000 -> 00000180 (2 cycles)
[TB] FAIL OUTPUT[35] expected 192 got 384
[TB] fn=6 data0=00000024 data1=00000000 -> 00000180 (2 cycles)
[TB] FAIL OUTPUT[36] expected 192 got 384
[TB] fn=6 data0=00000025 data1=00000000 -> 00000180 (2 cycles)
[TB] FAIL OUTPUT[37] expected 192 got 384
[TB] fn=6 data0=00000026 data1=00000000 -> 00000180 (2 cycles)
[TB] FAIL OUTPUT[38] expected 192 got 384
[TB] fn=6 data0=00000027 data1=00000000 -> 00000180 (2 cycles)
[TB] FAIL OUTPUT[39] expected 192 got 384
[TB] fn=6 data0=00000028 data1=00000000 -> 00000180 (2 cycles)
[TB] FAIL OUTPUT[40] expected 192 got 384
[TB] fn=6 data0=00000029 data1=00000000 -> 00000180 (2 cycles)
[TB] FAIL OUTPUT[41] expected 192 got 384
[TB] fn=6 data0=0000002a data1=00000000 -> 00000180 (2 cycles)
[TB] FAIL OUTPUT[42] expected 192 got 384
[TB] fn=6 data0=0000002b data1=00000000 -> 00000180 (2 cycles)
[TB] FAIL OUTPUT[43] expected 192 got 384
[TB] fn=6 data0=0000002c data1=00000000 -> 00000180 (2 cycles)
[TB] FAIL OUTPUT[44] expected 192 got 384
[TB] fn=6 data0=0000002d data1=00000000 -> 00000180 (2 cycles)
[TB] FAIL OUTPUT[45] expected 192 got 384
[TB] fn=6 data0=0000002e data1=00000000 -> 00000180 (2 cycles)
[TB] FAIL OUTPUT[46] expected 192 got 384
[TB] fn=6 data0=0000002f data1=00000000 -> 00000180 (2 cycles)
[TB] FAIL OUTPUT[47] expected 192 got 384
[TB] fn=6 data0=00000030 data1=00000000 -> 00000180 (2 cycles)
[TB] FAIL OUTPUT[48] expected 192 got 384
[TB] fn=6 data0=00000031 data1=00000000 -> 00000180 (2 cycles)
[TB] FAIL OUTPUT[49] expected 192 got 384
[TB] fn=6 data0=00000032 data1=00000000 -> 00000180 (2 cycles)
[TB] FAIL OUTPUT[50] expected 192 got 384
[TB] fn=6 data0=00000033 data1=00000000 -> 00000180 (2 cycles)
[TB] FAIL OUTPUT[51] expected 192 got 384
[TB] fn=6 data0=00000034 data1=00000000 -> 00000180 (2 cycles)
[TB] FAIL OUTPUT[52] expected 192 got 384
[TB] fn=6 data0=00000035 data1=00000000 -> 00000180 (2 cycles)
[TB] FAIL OUTPUT[53] expected 192 got 384
[TB] fn=6 data0=00000036 data1=00000000 -> 00000180 (2 cycles)
[TB] FAIL OUTPUT[54] expected 192 got 384
[TB] fn=6 data0=00000037 data1=00000000 -> 00000180 (2 cycles)
[TB] FAIL OUTPUT[55] expected 192 got 384
[TB] fn=6 data0=00000038 data1=00000000 -> 00000180 (2 cycles)
[TB] FAIL OUTPUT[56] expected 192 got 384
[TB] fn=6 data0=00000039 data1=00000000 -> 00000180 (2 cycles)
[TB] FAIL OUTPUT[57] expected 192 got 384
[TB] fn=6 data0=0000003a data1=00000000 -> 00000180 (2 cycles)
[TB] FAIL OUTPUT[58] expected 192 got 384
[TB] fn=6 data0=0000003b data1=00000000 -> 00000180 (2 cycles)
[TB] FAIL OUTPUT[59] expected 192 got 384
[TB] fn=6 data0=0000003c data1=00000000 -> 00000180 (2 cycles)
[TB] FAIL OUTPUT[60] expected 192 got 384
[TB] fn=6 data0=0000003d data1=00000000 -> 00000180 (2 cycles)
[TB] FAIL OUTPUT[61] expected 192 got 384
[TB] fn=6 data0=0000003e data1=00000000 -> 00000180 (2 cycles)
[TB] FAIL OUTPUT[62] expected 192 got 384
[TB] fn=6 data0=0000003f data1=00000000 -> 00000180 (2 cycles)
[TB] FAIL OUTPUT[63] expected 192 got 384
[TB] fn=6 data0=00000040 data1=00000000 -> 00000240 (2 cycles)
[TB] FAIL OUTPUT[64] expected 192 got 576
[TB] fn=6 data0=00000041 data1=00000000 -> 00000240 (2 cycles)
[TB] FAIL OUTPUT[65] expected 192 got 576
[TB] fn=6 data0=00000042 data1=00000000 -> 00000240 (2 cycles)
[TB] FAIL OUTPUT[66] expected 192 got 576
[TB] fn=6 data0=00000043 data1=00000000 -> 00000240 (2 cycles)
[TB] FAIL OUTPUT[67] expected 192 got 576
[TB] fn=6 data0=00000044 data1=00000000 -> 00000240 (2 cycles)
[TB] FAIL OUTPUT[68] expected 192 got 576
[TB] fn=6 data0=00000045 data1=00000000 -> 00000240 (2 cycles)
[TB] FAIL OUTPUT[69] expected 192 got 576
[TB] fn=6 data0=00000046 data1=00000000 -> 00000240 (2 cycles)
[TB] FAIL OUTPUT[70] expected 192 got 576
[TB] fn=6 data0=00000047 data1=00000000 -> 00000240 (2 cycles)
[TB] FAIL OUTPUT[71] expected 192 got 576
[TB] fn=6 data0=00000048 data1=00000000 -> 00000240 (2 cycles)
[TB] FAIL OUTPUT[72] expected 192 got 576
[TB] fn=6 data0=00000049 data1=00000000 -> 00000240 (2 cycles)
[TB] FAIL OUTPUT[73] expected 192 got 576
[TB] fn=6 data0=0000004a data1=00000000 -> 00000240 (2 cycles)
[TB] FAIL OUTPUT[74] expected 192 got 576
[TB] fn=6 data0=0000004b data1=00000000 -> 00000240 (2 cycles)
[TB] FAIL OUTPUT[75] expected 192 got 576
[TB] fn=6 data0=0000004c data1=00000000 -> 00000240 (2 cycles)
[TB] FAIL OUTPUT[76] expected 192 got 576
[TB] fn=6 data0=0000004d data1=00000000 -> 00000240 (2 cycles)
[TB] FAIL OUTPUT[77] expected 192 got 576
[TB] fn=6 data0=0000004e data1=00000000 -> 00000240 (2 cycles)
[TB] FAIL OUTPUT[78] expected 192 got 576
[TB] fn=6 data0=0000004f data1=00000000 -> 00000240 (2 cycles)
[TB] FAIL OUTPUT[79] expected 192 got 576
[TB] fn=6 data0=00000050 data1=00000000 -> 000003c0 (2 cycles)
[TB] FAIL OUTPUT[80] expected 192 got 960
[TB] fn=6 data0=00000051 data1=00000000 -> 000003c0 (2 cycles)
[TB] FAIL OUTPUT[81] expected 192 got 960
[TB] fn=6 data0=00000052 data1=00000000 -> 000003c0 (2 cycles)
[TB] FAIL OUTPUT[82] expected 192 got 960
[TB] fn=6 data0=00000053 data1=00000000 -> 000003c0 (2 cycles)
[TB] FAIL OUTPUT[83] expected 192 got 960
[TB] fn=6 data0=00000054 data1=00000000 -> 000003c0 (2 cycles)
[TB] FAIL OUTPUT[84] expected 192 got 960
[TB] fn=6 data0=00000055 data1=00000000 -> 000003c0 (2 cycles)
[TB] FAIL OUTPUT[85] expected 192 got 960
[TB] fn=6 data0=00000056 data1=00000000 -> 000003c0 (2 cycles)
[TB] FAIL OUTPUT[86] expected 192 got 960
[TB] fn=6 data0=00000057 data1=00000000 -> 000003c0 (2 cycles)
[TB] FAIL OUTPUT[87] expected 192 got 960
[TB] fn=6 data0=00000058 data1=00000000 -> 000003c0 (2 cycles)
[TB] FAIL OUTPUT[88] expected 192 got 960
[TB] fn=6 data0=00000059 data1=00000000 -> 000003c0 (2 cycles)
[TB] FAIL OUTPUT[89] expected 192 got 960
[TB] fn=6 data0=0000005a data1=00000000 -> 000003c0 (2 cycles)
[TB] FAIL OUTPUT[90] expected 192 got 960
[TB] fn=6 data0=0000005b data1=00000000 -> 000003c0 (2 cycles)
[TB] FAIL OUTPUT[91] expected 192 got 960
[TB] fn=6 data0=0000005c data1=00000000 -> 000003c0 (2 cycles)
[TB] FAIL OUTPUT[92] expected 192 got 960
[TB] fn=6 data0=0000005d data1=00000000 -> 000003c0 (2 cycles)
[TB] FAIL OUTPUT[93] expected 192 got 960
[TB] fn=6 data0=0000005e data1=00000000 -> 000003c0 (2 cycles)
[TB] FAIL OUTPUT[94] expected 192 got 960
[TB] fn=6 data0=0000005f data1=00000000 -> 000003c0 (2 cycles)
[TB] FAIL OUTPUT[95] expected 192 got 960
[TB] fn=6 data0=00000060 data1=00000000 -> 000003c0 (2 cycles)
[TB] FAIL OUTPUT[96] expected 192 got 960
[TB] fn=6 data0=00000061 data1=00000000 -> 000003c0 (2 cycles)
[TB] FAIL OUTPUT[97] expected 192 got 960
[TB] fn=6 data0=00000062 data1=00000000 -> 000003c0 (2 cycles)
[TB] FAIL OUTPUT[98] expected 192 got 960
[TB] fn=6 data0=00000063 data1=00000000 -> 000003c0 (2 cycles)
[TB] FAIL OUTPUT[99] expected 192 got 960
[TB] fn=6 data0=00000064 data1=00000000 -> 000003c0 (2 cycles)
[TB] FAIL OUTPUT[100] expected 192 got 960
[TB] fn=6 data0=00000065 data1=00000000 -> 000003c0 (2 cycles)
[TB] FAIL OUTPUT[101] expected 192 got 960
[TB] fn=6 data0=00000066 data1=00000000 -> 000003c0 (2 cycles)
[TB] FAIL OUTPUT[102] expected 192 got 960
[TB] fn=6 data0=00000067 data1=00000000 -> 000003c0 (2 cycles)
[TB] FAIL OUTPUT[103] expected 192 got 960
[TB] fn=6 data0=00000068 data1=00000000 -> 000003c0 (2 cycles)
[TB] FAIL OUTPUT[104] expected 192 got 960
[TB] fn=6 data0=00000069 data1=00000000 -> 000003c0 (2 cycles)
[TB] FAIL OUTPUT[105] expected 192 got 960
[TB] fn=6 data0=0000006a data1=00000000 -> 000003c0 (2 cycles)
[TB] FAIL OUTPUT[106] expected 192 got 960
[TB] fn=6 data0=0000006b data1=00000000 -> 000003c0 (2 cycles)
[TB] FAIL OUTPUT[107] expected 192 got 960
[TB] fn=6 data0=0000006c data1=00000000 -> 000003c0 (2 cycles)
[TB] FAIL OUTPUT[108] expected 192 got 960
[TB] fn=6 data0=0000006d data1=00000000 -> 000003c0 (2 cycles)
[TB] FAIL OUTPUT[109] expected 192 got 960
[TB] fn=6 data0=0000006e data1=00000000 -> 000003c0 (2 cycles)
[TB] FAIL OUTPUT[110] expected 192 got 960
[TB] fn=6 data0=0000006f data1=00000000 -> 000003c0 (2 cycles)
[TB] FAIL OUTPUT[111] expected 192 got 960
[TB] fn=6 data0=00000070 data1=00000000 -> 00000300 (2 cycles)
[TB] FAIL OUTPUT[112] expected 192 got 768
[TB] fn=6 data0=00000071 data1=00000000 -> 00000300 (2 cycles)
[TB] FAIL OUTPUT[113] expected 192 got 768
[TB] fn=6 data0=00000072 data1=00000000 -> 00000300 (2 cycles)
[TB] FAIL OUTPUT[114] expected 192 got 768
[TB] fn=6 data0=00000073 data1=00000000 -> 00000300 (2 cycles)
[TB] FAIL OUTPUT[115] expected 192 got 768
[TB] fn=6 data0=00000074 data1=00000000 -> 00000300 (2 cycles)
[TB] FAIL OUTPUT[116] expected 192 got 768
[TB] fn=6 data0=00000075 data1=00000000 -> 00000300 (2 cycles)
[TB] FAIL OUTPUT[117] expected 192 got 768
[TB] fn=6 data0=00000076 data1=00000000 -> 00000300 (2 cycles)
[TB] FAIL OUTPUT[118] expected 192 got 768
[TB] fn=6 data0=00000077 data1=00000000 -> 00000300 (2 cycles)
[TB] FAIL OUTPUT[119] expected 192 got 768
[TB] fn=6 data0=00000078 data1=00000000 -> 00000300 (2 cycles)
[TB] FAIL OUTPUT[120] expected 192 got 768
[TB] fn=6 data0=00000079 data1=00000000 -> 00000300 (2 cycles)
[TB] FAIL OUTPUT[121] expected 192 got 768
[TB] fn=6 data0=0000007a data1=00000000 -> 00000300 (2 cycles)
[TB] FAIL OUTPUT[122] expected 192 got 768
[TB] fn=6 data0=0000007b data1=00000000 -> 00000300 (2 cycles)
[TB] FAIL OUTPUT[123] expected 192 got 768
[TB] fn=6 data0=0000007c data1=00000000 -> 00000300 (2 cycles)
[TB] FAIL OUTPUT[124] expected 192 got 768
[TB] fn=6 data0=0000007d data1=00000000 -> 00000300 (2 cycles)
[TB] FAIL OUTPUT[125] expected 192 got 768
[TB] fn=6 data0=0000007e data1=00000000 -> 00000300 (2 cycles)
[TB] FAIL OUTPUT[126] expected 192 got 768
[TB] fn=6 data0=0000007f data1=00000000 -> 00000300 (2 cycles)
[TB] FAIL OUTPUT[127] expected 192 got 768
[TB] fn=6 data0=00000080 data1=00000000 -> 00000240 (2 cycles)
[TB] FAIL OUTPUT[128] expected 192 got 576
[TB] fn=6 data0=00000081 data1=00000000 -> 00000240 (2 cycles)
[TB] FAIL OUTPUT[129] expected 192 got 576
[TB] fn=6 data0=00000082 data1=00000000 -> 00000240 (2 cycles)
[TB] FAIL OUTPUT[130] expected 192 got 576
[TB] fn=6 data0=00000083 data1=00000000 -> 00000240 (2 cycles)
[TB] FAIL OUTPUT[131] expected 192 got 576
[TB] fn=6 data0=00000084 data1=00000000 -> 00000240 (2 cycles)
[TB] FAIL OUTPUT[132] expected 192 got 576
[TB] fn=6 data0=00000085 data1=00000000 -> 00000240 (2 cycles)
[TB] FAIL OUTPUT[133] expected 192 got 576
[TB] fn=6 data0=00000086 data1=00000000 -> 00000240 (2 cycles)
[TB] FAIL OUTPUT[134] expected 192 got 576
[TB] fn=6 data0=00000087 data1=00000000 -> 00000240 (2 cycles)
[TB] FAIL OUTPUT[135] expected 192 got 576
[TB] fn=6 data0=00000088 data1=00000000 -> 00000240 (2 cycles)
[TB] FAIL OUTPUT[136] expected 192 got 576
[TB] fn=6 data0=00000089 data1=00000000 -> 00000240 (2 cycles)
[TB] FAIL OUTPUT[137] expected 192 got 576
[TB] fn=6 data0=0000008a data1=00000000 -> 00000240 (2 cycles)
[TB] FAIL OUTPUT[138] expected 192 got 576
[TB] fn=6 data0=0000008b data1=00000000 -> 00000240 (2 cycles)
[TB] FAIL OUTPUT[139] expected 192 got 576
[TB] fn=6 data0=0000008c data1=00000000 -> 00000240 (2 cycles)
[TB] FAIL OUTPUT[140] expected 192 got 576
[TB] fn=6 data0=0000008d data1=00000000 -> 00000240 (2 cycles)
[TB] FAIL OUTPUT[141] expected 192 got 576
[TB] fn=6 data0=0000008e data1=00000000 -> 00000240 (2 cycles)
[TB] FAIL OUTPUT[142] expected 192 got 576
[TB] fn=6 data0=0000008f data1=00000000 -> 00000240 (2 cycles)
[TB] FAIL OUTPUT[143] expected 192 got 576
[TB] fn=6 data0=00000090 data1=00000000 -> 000003c0 (2 cycles)
[TB] FAIL OUTPUT[144] expected 192 got 960
[TB] fn=6 data0=00000091 data1=00000000 -> 000003c0 (2 cycles)
[TB] FAIL OUTPUT[145] expected 192 got 960
[TB] fn=6 data0=00000092 data1=00000000 -> 000003c0 (2 cycles)
[TB] FAIL OUTPUT[146] expected 192 got 960
[TB] fn=6 data0=00000093 data1=00000000 -> 000003c0 (2 cycles)
[TB] FAIL OUTPUT[147] expected 192 got 960
[TB] fn=6 data0=00000094 data1=00000000 -> 000003c0 (2 cycles)
[TB] FAIL OUTPUT[148] expected 192 got 960
[TB] fn=6 data0=00000095 data1=00000000 -> 000003c0 (2 cycles)
[TB] FAIL OUTPUT[149] expected 192 got 960
[TB] fn=6 data0=00000096 data1=00000000 -> 000003c0 (2 cycles)
[TB] FAIL OUTPUT[150] expected 192 got 960
[TB] fn=6 data0=00000097 data1=00000000 -> 000003c0 (2 cycles)
[TB] FAIL OUTPUT[151] expected 192 got 960
[TB] fn=6 data0=00000098 data1=00000000 -> 000003c0 (2 cycles)
[TB] FAIL OUTPUT[152] expected 192 got 960
[TB] fn=6 data0=00000099 data1=00000000 -> 000003c0 (2 cycles)
[TB] FAIL OUTPUT[153] expected 192 got 960
[TB] fn=6 data0=0000009a data1=00000000 -> 000003c0 (2 cycles)
[TB] FAIL OUTPUT[154] expected 192 got 960
[TB] fn=6 data0=0000009b data1=00000000 -> 000003c0 (2 cycles)
[TB] FAIL OUTPUT[155] expected 192 got 960
[TB] fn=6 data0=0000009c data1=00000000 -> 000003c0 (2 cycles)
[TB] FAIL OUTPUT[156] expected 192 got 960
[TB] fn=6 data0=0000009d data1=00000000 -> 000003c0 (2 cycles)
[TB] FAIL OUTPUT[157] expected 192 got 960
[TB] fn=6 data0=0000009e data1=00000000 -> 000003c0 (2 cycles)
[TB] FAIL OUTPUT[158] expected 192 got 960
[TB] fn=6 data0=0000009f data1=00000000 -> 000003c0 (2 cycles)
[TB] FAIL OUTPUT[159] expected 192 got 960
[TB] fn=6 data0=000000a0 data1=00000000 -> 000003c0 (2 cycles)
[TB] FAIL OUTPUT[160] expected 192 got 960
[TB] fn=6 data0=000000a1 data1=00000000 -> 000003c0 (2 cycles)
[TB] FAIL OUTPUT[161] expected 192 got 960
[TB] fn=6 data0=000000a2 data1=00000000 -> 000003c0 (2 cycles)
[TB] FAIL OUTPUT[162] expected 192 got 960
[TB] fn=6 data0=000000a3 data1=00000000 -> 000003c0 (2 cycles)
[TB] FAIL OUTPUT[163] expected 192 got 960
[TB] fn=6 data0=000000a4 data1=00000000 -> 000003c0 (2 cycles)
[TB] FAIL OUTPUT[164] expected 192 got 960
[TB] fn=6 data0=000000a5 data1=00000000 -> 000003c0 (2 cycles)
[TB] FAIL OUTPUT[165] expected 192 got 960
[TB] fn=6 data0=000000a6 data1=00000000 -> 000003c0 (2 cycles)
[TB] FAIL OUTPUT[166] expected 192 got 960
[TB] fn=6 data0=000000a7 data1=00000000 -> 000003c0 (2 cycles)
[TB] FAIL OUTPUT[167] expected 192 got 960
[TB] fn=6 data0=000000a8 data1=00000000 -> 000003c0 (2 cycles)
[TB] FAIL OUTPUT[168] expected 192 got 960
[TB] fn=6 data0=000000a9 data1=00000000 -> 000003c0 (2 cycles)
[TB] FAIL OUTPUT[169] expected 192 got 960
[TB] fn=6 data0=000000aa data1=00000000 -> 000003c0 (2 cycles)
[TB] FAIL OUTPUT[170] expected 192 got 960
[TB] fn=6 data0=000000ab data1=00000000 -> 000003c0 (2 cycles)
[TB] FAIL OUTPUT[171] expected 192 got 960
[TB] fn=6 data0=000000ac data1=00000000 -> 000003c0 (2 cycles)
[TB] FAIL OUTPUT[172] expected 192 got 960
[TB] fn=6 data0=000000ad data1=00000000 -> 000003c0 (2 cycles)
[TB] FAIL OUTPUT[173] expected 192 got 960
[TB] fn=6 data0=000000ae data1=00000000 -> 000003c0 (2 cycles)
[TB] FAIL OUTPUT[174] expected 192 got 960
[TB] fn=6 data0=000000af data1=00000000 -> 000003c0 (2 cycles)
[TB] FAIL OUTPUT[175] expected 192 got 960
[TB] fn=6 data0=000000b0 data1=00000000 -> 00000300 (2 cycles)
[TB] FAIL OUTPUT[176] expected 192 got 768
[TB] fn=6 data0=000000b1 data1=00000000 -> 00000300 (2 cycles)
[TB] FAIL OUTPUT[177] expected 192 got 768
[TB] fn=6 data0=000000b2 data1=00000000 -> 00000300 (2 cycles)
[TB] FAIL OUTPUT[178] expected 192 got 768
[TB] fn=6 data0=000000b3 data1=00000000 -> 00000300 (2 cycles)
[TB] FAIL OUTPUT[179] expected 192 got 768
[TB] fn=6 data0=000000b4 data1=00000000 -> 00000300 (2 cycles)
[TB] FAIL OUTPUT[180] expected 192 got 768
[TB] fn=6 data0=000000b5 data1=00000000 -> 00000300 (2 cycles)
[TB] FAIL OUTPUT[181] expected 192 got 768
[TB] fn=6 data0=000000b6 data1=00000000 -> 00000300 (2 cycles)
[TB] FAIL OUTPUT[182] expected 192 got 768
[TB] fn=6 data0=000000b7 data1=00000000 -> 00000300 (2 cycles)
[TB] FAIL OUTPUT[183] expected 192 got 768
[TB] fn=6 data0=000000b8 data1=00000000 -> 00000300 (2 cycles)
[TB] FAIL OUTPUT[184] expected 192 got 768
[TB] fn=6 data0=000000b9 data1=00000000 -> 00000300 (2 cycles)
[TB] FAIL OUTPUT[185] expected 192 got 768
[TB] fn=6 data0=000000ba data1=00000000 -> 00000300 (2 cycles)
[TB] FAIL OUTPUT[186] expected 192 got 768
[TB] fn=6 data0=000000bb data1=00000000 -> 00000300 (2 cycles)
[TB] FAIL OUTPUT[187] expected 192 got 768
[TB] fn=6 data0=000000bc data1=00000000 -> 00000300 (2 cycles)
[TB] FAIL OUTPUT[188] expected 192 got 768
[TB] fn=6 data0=000000bd data1=00000000 -> 00000300 (2 cycles)
[TB] FAIL OUTPUT[189] expected 192 got 768
[TB] fn=6 data0=000000be data1=00000000 -> 00000300 (2 cycles)
[TB] FAIL OUTPUT[190] expected 192 got 768
[TB] fn=6 data0=000000bf data1=00000000 -> 00000300 (2 cycles)
[TB] FAIL OUTPUT[191] expected 192 got 768
[TB] fn=6 data0=000000c0 data1=00000000 -> 00000240 (2 cycles)
[TB] FAIL OUTPUT[192] expected 192 got 576
[TB] fn=6 data0=000000c1 data1=00000000 -> 00000240 (2 cycles)
[TB] FAIL OUTPUT[193] expected 192 got 576
[TB] fn=6 data0=000000c2 data1=00000000 -> 00000240 (2 cycles)
[TB] FAIL OUTPUT[194] expected 192 got 576
[TB] fn=6 data0=000000c3 data1=00000000 -> 00000240 (2 cycles)
[TB] FAIL OUTPUT[195] expected 192 got 576
[TB] fn=6 data0=000000c4 data1=00000000 -> 00000240 (2 cycles)
[TB] FAIL OUTPUT[196] expected 192 got 576
[TB] fn=6 data0=000000c5 data1=00000000 -> 00000240 (2 cycles)
[TB] FAIL OUTPUT[197] expected 192 got 576
[TB] fn=6 data0=000000c6 data1=00000000 -> 00000240 (2 cycles)
[TB] FAIL OUTPUT[198] expected 192 got 576
[TB] fn=6 data0=000000c7 data1=00000000 -> 00000240 (2 cycles)
[TB] FAIL OUTPUT[199] expected 192 got 576
[TB] fn=6 data0=000000c8 data1=00000000 -> 00000240 (2 cycles)
[TB] FAIL OUTPUT[200] expected 192 got 576
[TB] fn=6 data0=000000c9 data1=00000000 -> 00000240 (2 cycles)
[TB] FAIL OUTPUT[201] expected 192 got 576
[TB] fn=6 data0=000000ca data1=00000000 -> 00000240 (2 cycles)
[TB] FAIL OUTPUT[202] expected 192 got 576
[TB] fn=6 data0=000000cb data1=00000000 -> 00000240 (2 cycles)
[TB] FAIL OUTPUT[203] expected 192 got 576
[TB] fn=6 data0=000000cc data1=00000000 -> 00000240 (2 cycles)
[TB] FAIL OUTPUT[204] expected 192 got 576
[TB] fn=6 data0=000000cd data1=00000000 -> 00000240 (2 cycles)
[TB] FAIL OUTPUT[205] expected 192 got 576
[TB] fn=6 data0=000000ce data1=00000000 -> 00000240 (2 cycles)
[TB] FAIL OUTPUT[206] expected 192 got 576
[TB] fn=6 data0=000000cf data1=00000000 -> 00000240 (2 cycles)
[TB] FAIL OUTPUT[207] expected 192 got 576
[TB] fn=6 data0=000000d0 data1=00000000 -> 000003c0 (2 cycles)
[TB] FAIL OUTPUT[208] expected 192 got 960
[TB] fn=6 data0=000000d1 data1=00000000 -> 000003c0 (2 cycles)
[TB] FAIL OUTPUT[209] expected 192 got 960
[TB] fn=6 data0=000000d2 data1=00000000 -> 000003c0 (2 cycles)
[TB] FAIL OUTPUT[210] expected 192 got 960
[TB] fn=6 data0=000000d3 data1=00000000 -> 000003c0 (2 cycles)
[TB] FAIL OUTPUT[211] expected 192 got 960
[TB] fn=6 data0=000000d4 data1=00000000 -> 000003c0 (2 cycles)
[TB] FAIL OUTPUT[212] expected 192 got 960
[TB] fn=6 data0=000000d5 data1=00000000 -> 000003c0 (2 cycles)
[TB] FAIL OUTPUT[213] expected 192 got 960
[TB] fn=6 data0=000000d6 data1=00000000 -> 000003c0 (2 cycles)
[TB] FAIL OUTPUT[214] expected 192 got 960
[TB] fn=6 data0=000000d7 data1=00000000 -> 000003c0 (2 cycles)
[TB] FAIL OUTPUT[215] expected 192 got 960
[TB] fn=6 data0=000000d8 data1=00000000 -> 000003c0 (2 cycles)
[TB] FAIL OUTPUT[216] expected 192 got 960
[TB] fn=6 data0=000000d9 data1=00000000 -> 000003c0 (2 cycles)
[TB] FAIL OUTPUT[217] expected 192 got 960
[TB] fn=6 data0=000000da data1=00000000 -> 000003c0 (2 cycles)
[TB] FAIL OUTPUT[218] expected 192 got 960
[TB] fn=6 data0=000000db data1=00000000 -> 000003c0 (2 cycles)
[TB] FAIL OUTPUT[219] expected 192 got 960
[TB] fn=6 data0=000000dc data1=00000000 -> 000003c0 (2 cycles)
[TB] FAIL OUTPUT[220] expected 192 got 960
[TB] fn=6 data0=000000dd data1=00000000 -> 000003c0 (2 cycles)
[TB] FAIL OUTPUT[221] expected 192 got 960
[TB] fn=6 data0=000000de data1=00000000 -> 000003c0 (2 cycles)
[TB] FAIL OUTPUT[222] expected 192 got 960
[TB] fn=6 data0=000000df data1=00000000 -> 000003c0 (2 cycles)
[TB] FAIL OUTPUT[223] expected 192 got 960
[TB] fn=6 data0=000000e0 data1=00000000 -> 000003c0 (2 cycles)
[TB] FAIL OUTPUT[224] expected 192 got 960
[TB] fn=6 data0=000000e1 data1=00000000 -> 000003c0 (2 cycles)
[TB] FAIL OUTPUT[225] expected 192 got 960
[TB] fn=6 data0=000000e2 data1=00000000 -> 000003c0 (2 cycles)
[TB] FAIL OUTPUT[226] expected 192 got 960
[TB] fn=6 data0=000000e3 data1=00000000 -> 000003c0 (2 cycles)
[TB] FAIL OUTPUT[227] expected 192 got 960
[TB] fn=6 data0=000000e4 data1=00000000 -> 000003c0 (2 cycles)
[TB] FAIL OUTPUT[228] expected 192 got 960
[TB] fn=6 data0=000000e5 data1=00000000 -> 000003c0 (2 cycles)
[TB] FAIL OUTPUT[229] expected 192 got 960
[TB] fn=6 data0=000000e6 data1=00000000 -> 000003c0 (2 cycles)
[TB] FAIL OUTPUT[230] expected 192 got 960
[TB] fn=6 data0=000000e7 data1=00000000 -> 000003c0 (2 cycles)
[TB] FAIL OUTPUT[231] expected 192 got 960
[TB] fn=6 data0=000000e8 data1=00000000 -> 000003c0 (2 cycles)
[TB] FAIL OUTPUT[232] expected 192 got 960
[TB] fn=6 data0=000000e9 data1=00000000 -> 000003c0 (2 cycles)
[TB] FAIL OUTPUT[233] expected 192 got 960
[TB] fn=6 data0=000000ea data1=00000000 -> 000003c0 (2 cycles)
[TB] FAIL OUTPUT[234] expected 192 got 960
[TB] fn=6 data0=000000eb data1=00000000 -> 000003c0 (2 cycles)
[TB] FAIL OUTPUT[235] expected 192 got 960
[TB] fn=6 data0=000000ec data1=00000000 -> 000003c0 (2 cycles)
[TB] FAIL OUTPUT[236] expected 192 got 960
[TB] fn=6 data0=000000ed data1=00000000 -> 000003c0 (2 cycles)
[TB] FAIL OUTPUT[237] expected 192 got 960
[TB] fn=6 data0=000000ee data1=00000000 -> 000003c0 (2 cycles)
[TB] FAIL OUTPUT[238] expected 192 got 960
[TB] fn=6 data0=000000ef data1=00000000 -> 000003c0 (2 cycles)
[TB] FAIL OUTPUT[239] expected 192 got 960
[TB] fn=6 data0=000000f0 data1=00000000 -> 00000300 (2 cycles)
[TB] FAIL OUTPUT[240] expected 192 got 768
[TB] fn=6 data0=000000f1 data1=00000000 -> 00000300 (2 cycles)
[TB] FAIL OUTPUT[241] expected 192 got 768
[TB] fn=6 data0=000000f2 data1=00000000 -> 00000300 (2 cycles)
[TB] FAIL OUTPUT[242] expected 192 got 768
[TB] fn=6 data0=000000f3 data1=00000000 -> 00000300 (2 cycles)
[TB] FAIL OUTPUT[243] expected 192 got 768
[TB] fn=6 data0=000000f4 data1=00000000 -> 00000300 (2 cycles)
[TB] FAIL OUTPUT[244] expected 192 got 768
[TB] fn=6 data0=000000f5 data1=00000000 -> 00000300 (2 cycles)
[TB] FAIL OUTPUT[245] expected 192 got 768
[TB] fn=6 data0=000000f6 data1=00000000 -> 00000300 (2 cycles)
[TB] FAIL OUTPUT[246] expected 192 got 768
[TB] fn=6 data0=000000f7 data1=00000000 -> 00000300 (2 cycles)
[TB] FAIL OUTPUT[247] expected 192 got 768
[TB] fn=6 data0=000000f8 data1=00000000 -> 00000300 (2 cycles)
[TB] FAIL OUTPUT[248] expected 192 got 768
[TB] fn=6 data0=000000f9 data1=00000000 -> 00000300 (2 cycles)
[TB] FAIL OUTPUT[249] expected 192 got 768
[TB] fn=6 data0=000000fa data1=00000000 -> 00000300 (2 cycles)
[TB] FAIL OUTPUT[250] expected 192 got 768
[TB] fn=6 data0=000000fb data1=00000000 -> 00000300 (2 cycles)
[TB] FAIL OUTPUT[251] expected 192 got 768
[TB] fn=6 data0=000000fc data1=00000000 -> 00000300 (2 cycles)
[TB] FAIL OUTPUT[252] expected 192 got 768
[TB] fn=6 data0=000000fd data1=00000000 -> 00000300 (2 cycles)
[TB] FAIL OUTPUT[253] expected 192 got 768
[TB] fn=6 data0=000000fe data1=00000000 -> 00000300 (2 cycles)
[TB] FAIL OUTPUT[254] expected 192 got 768
[TB] fn=6 data0=000000ff data1=00000000 -> 00000300 (2 cycles)
[TB] FAIL OUTPUT[255] expected 192 got 768

[TB] FAIL: 240 / 256 outputs incorrect
